<html>
<body>
<pre>
<h1>µVision Build Log</h1>
<h2>Tool Versions:</h2>
IDE-Version: µVision V5.22.0.0
Copyright (C) 2016 ARM Ltd and ARM Germany GmbH. All rights reserved.
License Information: Gaal Alexandru, None, LIC=----
 
Tool Versions:
Toolchain:       MDK-Lite  Version: 5.22
Toolchain Path:  C:\Keil_v5\ARM\ARMCC\Bin
C Compiler:      Armcc.exe V5.06 update 4 (build 422)
Assembler:       Armasm.exe V5.06 update 4 (build 422)
Linker/Locator:  ArmLink.exe V5.06 update 4 (build 422)
Library Manager: ArmAr.exe V5.06 update 4 (build 422)
Hex Converter:   FromElf.exe V5.06 update 4 (build 422)
CPU DLL:         SARMCM3.DLL V5.22
Dialog DLL:      DCM.DLL V1.13.9.0
Target DLL:      lmidk-agdi.dll V???
Dialog DLL:      TCM.DLL V1.21.0.0
 
<h2>Project:</h2>
C:\Users\alexandru.gaal\Documents\GitHub\Embedded_Programs\SN74HC595N_ShiftRegister_TM4C123\SN74HC595N_ShiftRegister.uvprojx
Project File Date:  04/18/2017

<h2>Output:</h2>
*** Using Compiler 'V5.06 update 4 (build 422)', folder: 'C:\Keil_v5\ARM\ARMCC\Bin'
Rebuild target 'ShiftRegisterTest'
assembling startup.s...
compiling SSI_handler.c...
compiling PLL.c...
compiling SN74HC595N_TestMain.c...
linking...
Program Size: Code=1388 RO-data=16 RW-data=0 ZI-data=1120  
FromELF: creating hex file...
".\generated\SN74HC164_Test.axf" - 0 Error(s), 0 Warning(s).

<h2>Collection of Component include folders:</h2>
  C:\Users\alexandru.gaal\Documents\GitHub\Embedded_Programs\SN74HC595N_ShiftRegister_TM4C123\RTE\_ShiftRegisterTest
  C:\Keil_v5\ARM\PACK\Keil\LM4F_DFP\1.0.0\Device\Include

<h2>Collection of Component Files used:</h2>
Build Time Elapsed:  00:00:01
</pre>
</body>
</html>
