Component: ARM Compiler 5.06 update 3 (build 300) Tool: armlink [4d35c9]

==============================================================================

Section Cross References

    main.o(i.main) refers to sysctl.o(i.SysCtlClockSet) for SysCtlClockSet
    main.o(i.main) refers to uart_handler.o(i.UART2_Init) for UART2_Init
    main.o(i.main) refers to uart_handler.o(i.UART0_Init) for UART0_Init
    main.o(i.main) refers to uart_handler.o(i.UART0_GetString) for UART0_GetString
    main.o(i.main) refers to uart_handler.o(i.UART2_SendString) for UART2_SendString
    main.o(i.main) refers to uart_handler.o(i.UART0_SendNewLine) for UART0_SendNewLine
    main.o(i.main) refers to uart.o(i.UARTCharsAvail) for UARTCharsAvail
    main.o(i.main) refers to uart_handler.o(i.UART2_GetChar) for UART2_GetChar
    main.o(i.main) refers to uart_handler.o(i.UART0_SendChar) for UART0_SendChar
    main.o(i.main) refers to uart_handler.o(i.UART0_SendString) for UART0_SendString
    uart_handler.o(i.UART0_GetChar) refers to uart.o(i.UARTCharGet) for UARTCharGet
    uart_handler.o(i.UART0_GetString) refers to uart_handler.o(i.UART0_GetChar) for UART0_GetChar
    uart_handler.o(i.UART0_GetString) refers to uart_handler.o(i.UART0_SendChar) for UART0_SendChar
    uart_handler.o(i.UART0_GetUDecimal) refers to uart_handler.o(i.UART0_GetChar) for UART0_GetChar
    uart_handler.o(i.UART0_GetUDecimal) refers to uart_handler.o(i.UART0_SendChar) for UART0_SendChar
    uart_handler.o(i.UART0_GetUHex) refers to uart_handler.o(i.UART0_GetChar) for UART0_GetChar
    uart_handler.o(i.UART0_GetUHex) refers to uart_handler.o(i.UART0_SendChar) for UART0_SendChar
    uart_handler.o(i.UART0_Init) refers to sysctl.o(i.SysCtlPeripheralEnable) for SysCtlPeripheralEnable
    uart_handler.o(i.UART0_Init) refers to uart.o(i.UARTDisable) for UARTDisable
    uart_handler.o(i.UART0_Init) refers to gpio.o(i.GPIOPinConfigure) for GPIOPinConfigure
    uart_handler.o(i.UART0_Init) refers to gpio.o(i.GPIOPinTypeUART) for GPIOPinTypeUART
    uart_handler.o(i.UART0_Init) refers to uart.o(i.UARTClockSourceSet) for UARTClockSourceSet
    uart_handler.o(i.UART0_Init) refers to sysctl.o(i.SysCtlClockGet) for SysCtlClockGet
    uart_handler.o(i.UART0_Init) refers to uart.o(i.UARTConfigSetExpClk) for UARTConfigSetExpClk
    uart_handler.o(i.UART0_Init) refers to uart.o(i.UARTFIFOEnable) for UARTFIFOEnable
    uart_handler.o(i.UART0_Init) refers to uart.o(i.UARTEnable) for UARTEnable
    uart_handler.o(i.UART0_Init) refers to uart.o(i.UARTConfigGetExpClk) for UARTConfigGetExpClk
    uart_handler.o(i.UART0_Init) refers to uart_handler.o(.data) for Baud_Rate_Read
    uart_handler.o(i.UART0_SendChar) refers to uart.o(i.UARTCharPut) for UARTCharPut
    uart_handler.o(i.UART0_SendNewLine) refers to uart_handler.o(i.UART0_SendChar) for UART0_SendChar
    uart_handler.o(i.UART0_SendString) refers to uart_handler.o(i.UART0_SendChar) for UART0_SendChar
    uart_handler.o(i.UART0_SendUDecimal) refers to uart_handler.o(i.UART0_SendChar) for UART0_SendChar
    uart_handler.o(i.UART0_SendUHex) refers to uart_handler.o(i.UART0_SendChar) for UART0_SendChar
    uart_handler.o(i.UART2_GetChar) refers to uart.o(i.UARTCharGet) for UARTCharGet
    uart_handler.o(i.UART2_GetString) refers to uart_handler.o(i.UART2_GetChar) for UART2_GetChar
    uart_handler.o(i.UART2_GetString) refers to uart_handler.o(i.UART2_SendChar) for UART2_SendChar
    uart_handler.o(i.UART2_GetUDecimal) refers to uart_handler.o(i.UART2_GetChar) for UART2_GetChar
    uart_handler.o(i.UART2_GetUDecimal) refers to uart_handler.o(i.UART2_SendChar) for UART2_SendChar
    uart_handler.o(i.UART2_GetUHex) refers to uart_handler.o(i.UART2_GetChar) for UART2_GetChar
    uart_handler.o(i.UART2_GetUHex) refers to uart_handler.o(i.UART2_SendChar) for UART2_SendChar
    uart_handler.o(i.UART2_Init) refers to sysctl.o(i.SysCtlPeripheralEnable) for SysCtlPeripheralEnable
    uart_handler.o(i.UART2_Init) refers to sysctl.o(i.SysCtlPeripheralReady) for SysCtlPeripheralReady
    uart_handler.o(i.UART2_Init) refers to uart.o(i.UARTDisable) for UARTDisable
    uart_handler.o(i.UART2_Init) refers to gpio.o(i.GPIOPinConfigure) for GPIOPinConfigure
    uart_handler.o(i.UART2_Init) refers to gpio.o(i.GPIOPinTypeUART) for GPIOPinTypeUART
    uart_handler.o(i.UART2_Init) refers to uart.o(i.UARTClockSourceSet) for UARTClockSourceSet
    uart_handler.o(i.UART2_Init) refers to sysctl.o(i.SysCtlClockGet) for SysCtlClockGet
    uart_handler.o(i.UART2_Init) refers to uart.o(i.UARTConfigSetExpClk) for UARTConfigSetExpClk
    uart_handler.o(i.UART2_Init) refers to uart.o(i.UARTFIFOEnable) for UARTFIFOEnable
    uart_handler.o(i.UART2_Init) refers to uart.o(i.UARTEnable) for UARTEnable
    uart_handler.o(i.UART2_Init) refers to uart.o(i.UARTConfigGetExpClk) for UARTConfigGetExpClk
    uart_handler.o(i.UART2_Init) refers to uart_handler.o(.data) for GSM_Baud_Rate_Read
    uart_handler.o(i.UART2_SendChar) refers to uart.o(i.UARTCharPut) for UARTCharPut
    uart_handler.o(i.UART2_SendNewLine) refers to uart_handler.o(i.UART2_SendChar) for UART2_SendChar
    uart_handler.o(i.UART2_SendString) refers to uart_handler.o(i.UART2_SendChar) for UART2_SendChar
    uart_handler.o(i.UART2_SendUDecimal) refers to uart_handler.o(i.UART2_SendChar) for UART2_SendChar
    uart_handler.o(i.UART2_SendUHex) refers to uart_handler.o(i.UART2_SendChar) for UART2_SendChar
    startup_tm4c123.o(STACK) refers (Special) to heapauxi.o(.text) for __use_two_region_memory
    startup_tm4c123.o(HEAP) refers (Special) to heapauxi.o(.text) for __use_two_region_memory
    startup_tm4c123.o(RESET) refers (Special) to heapauxi.o(.text) for __use_two_region_memory
    startup_tm4c123.o(RESET) refers to startup_tm4c123.o(STACK) for __initial_sp
    startup_tm4c123.o(RESET) refers to startup_tm4c123.o(.text) for Reset_Handler
    startup_tm4c123.o(.text) refers (Special) to heapauxi.o(.text) for __use_two_region_memory
    startup_tm4c123.o(.text) refers to __main.o(!!!main) for __main
    startup_tm4c123.o(.text) refers to startup_tm4c123.o(HEAP) for Heap_Mem
    startup_tm4c123.o(.text) refers to startup_tm4c123.o(STACK) for Stack_Mem
    gpio.o(i.GPIOIntRegister) refers to interrupt.o(i.IntRegister) for IntRegister
    gpio.o(i.GPIOIntRegister) refers to interrupt.o(i.IntEnable) for IntEnable
    gpio.o(i.GPIOIntRegister) refers to gpio.o(.constdata) for .constdata
    gpio.o(i.GPIOIntUnregister) refers to interrupt.o(i.IntDisable) for IntDisable
    gpio.o(i.GPIOIntUnregister) refers to interrupt.o(i.IntUnregister) for IntUnregister
    gpio.o(i.GPIOIntUnregister) refers to gpio.o(.constdata) for .constdata
    gpio.o(i.GPIOPinConfigure) refers to gpio.o(.constdata) for .constdata
    gpio.o(i.GPIOPinTypeADC) refers to gpio.o(i.GPIODirModeSet) for GPIODirModeSet
    gpio.o(i.GPIOPinTypeADC) refers to gpio.o(i.GPIOPadConfigSet) for GPIOPadConfigSet
    gpio.o(i.GPIOPinTypeCAN) refers to gpio.o(i.GPIODirModeSet) for GPIODirModeSet
    gpio.o(i.GPIOPinTypeCAN) refers to gpio.o(i.GPIOPadConfigSet) for GPIOPadConfigSet
    gpio.o(i.GPIOPinTypeCIR) refers to gpio.o(i.GPIODirModeSet) for GPIODirModeSet
    gpio.o(i.GPIOPinTypeCIR) refers to gpio.o(i.GPIOPadConfigSet) for GPIOPadConfigSet
    gpio.o(i.GPIOPinTypeComparator) refers to gpio.o(i.GPIODirModeSet) for GPIODirModeSet
    gpio.o(i.GPIOPinTypeComparator) refers to gpio.o(i.GPIOPadConfigSet) for GPIOPadConfigSet
    gpio.o(i.GPIOPinTypeComparatorOutput) refers to gpio.o(i.GPIODirModeSet) for GPIODirModeSet
    gpio.o(i.GPIOPinTypeComparatorOutput) refers to gpio.o(i.GPIOPadConfigSet) for GPIOPadConfigSet
    gpio.o(i.GPIOPinTypeEPI) refers to gpio.o(i.GPIODirModeSet) for GPIODirModeSet
    gpio.o(i.GPIOPinTypeEPI) refers to gpio.o(i.GPIOPadConfigSet) for GPIOPadConfigSet
    gpio.o(i.GPIOPinTypeEthernetLED) refers to gpio.o(i.GPIODirModeSet) for GPIODirModeSet
    gpio.o(i.GPIOPinTypeEthernetLED) refers to gpio.o(i.GPIOPadConfigSet) for GPIOPadConfigSet
    gpio.o(i.GPIOPinTypeEthernetMII) refers to gpio.o(i.GPIODirModeSet) for GPIODirModeSet
    gpio.o(i.GPIOPinTypeEthernetMII) refers to gpio.o(i.GPIOPadConfigSet) for GPIOPadConfigSet
    gpio.o(i.GPIOPinTypeGPIOInput) refers to gpio.o(i.GPIODirModeSet) for GPIODirModeSet
    gpio.o(i.GPIOPinTypeGPIOInput) refers to gpio.o(i.GPIOPadConfigSet) for GPIOPadConfigSet
    gpio.o(i.GPIOPinTypeGPIOOutput) refers to gpio.o(i.GPIOPadConfigSet) for GPIOPadConfigSet
    gpio.o(i.GPIOPinTypeGPIOOutput) refers to gpio.o(i.GPIODirModeSet) for GPIODirModeSet
    gpio.o(i.GPIOPinTypeGPIOOutputOD) refers to gpio.o(i.GPIOPadConfigSet) for GPIOPadConfigSet
    gpio.o(i.GPIOPinTypeGPIOOutputOD) refers to gpio.o(i.GPIODirModeSet) for GPIODirModeSet
    gpio.o(i.GPIOPinTypeI2C) refers to gpio.o(i.GPIODirModeSet) for GPIODirModeSet
    gpio.o(i.GPIOPinTypeI2C) refers to gpio.o(i.GPIOPadConfigSet) for GPIOPadConfigSet
    gpio.o(i.GPIOPinTypeI2CSCL) refers to gpio.o(i.GPIODirModeSet) for GPIODirModeSet
    gpio.o(i.GPIOPinTypeI2CSCL) refers to gpio.o(i.GPIOPadConfigSet) for GPIOPadConfigSet
    gpio.o(i.GPIOPinTypeKBColumn) refers to gpio.o(i.GPIODirModeSet) for GPIODirModeSet
    gpio.o(i.GPIOPinTypeKBColumn) refers to gpio.o(i.GPIOPadConfigSet) for GPIOPadConfigSet
    gpio.o(i.GPIOPinTypeKBRow) refers to gpio.o(i.GPIODirModeSet) for GPIODirModeSet
    gpio.o(i.GPIOPinTypeKBRow) refers to gpio.o(i.GPIOPadConfigSet) for GPIOPadConfigSet
    gpio.o(i.GPIOPinTypeLCD) refers to gpio.o(i.GPIODirModeSet) for GPIODirModeSet
    gpio.o(i.GPIOPinTypeLCD) refers to gpio.o(i.GPIOPadConfigSet) for GPIOPadConfigSet
    gpio.o(i.GPIOPinTypeLEDSeq) refers to gpio.o(i.GPIODirModeSet) for GPIODirModeSet
    gpio.o(i.GPIOPinTypeLEDSeq) refers to gpio.o(i.GPIOPadConfigSet) for GPIOPadConfigSet
    gpio.o(i.GPIOPinTypeLPC) refers to gpio.o(i.GPIODirModeSet) for GPIODirModeSet
    gpio.o(i.GPIOPinTypeLPC) refers to gpio.o(i.GPIOPadConfigSet) for GPIOPadConfigSet
    gpio.o(i.GPIOPinTypePECIRx) refers to gpio.o(i.GPIODirModeSet) for GPIODirModeSet
    gpio.o(i.GPIOPinTypePECIRx) refers to gpio.o(i.GPIOPadConfigSet) for GPIOPadConfigSet
    gpio.o(i.GPIOPinTypePECITx) refers to gpio.o(i.GPIODirModeSet) for GPIODirModeSet
    gpio.o(i.GPIOPinTypePECITx) refers to gpio.o(i.GPIOPadConfigSet) for GPIOPadConfigSet
    gpio.o(i.GPIOPinTypePWM) refers to gpio.o(i.GPIODirModeSet) for GPIODirModeSet
    gpio.o(i.GPIOPinTypePWM) refers to gpio.o(i.GPIOPadConfigSet) for GPIOPadConfigSet
    gpio.o(i.GPIOPinTypeQEI) refers to gpio.o(i.GPIODirModeSet) for GPIODirModeSet
    gpio.o(i.GPIOPinTypeQEI) refers to gpio.o(i.GPIOPadConfigSet) for GPIOPadConfigSet
    gpio.o(i.GPIOPinTypeSSI) refers to gpio.o(i.GPIODirModeSet) for GPIODirModeSet
    gpio.o(i.GPIOPinTypeSSI) refers to gpio.o(i.GPIOPadConfigSet) for GPIOPadConfigSet
    gpio.o(i.GPIOPinTypeTimer) refers to gpio.o(i.GPIODirModeSet) for GPIODirModeSet
    gpio.o(i.GPIOPinTypeTimer) refers to gpio.o(i.GPIOPadConfigSet) for GPIOPadConfigSet
    gpio.o(i.GPIOPinTypeUART) refers to gpio.o(i.GPIODirModeSet) for GPIODirModeSet
    gpio.o(i.GPIOPinTypeUART) refers to gpio.o(i.GPIOPadConfigSet) for GPIOPadConfigSet
    gpio.o(i.GPIOPinTypeUSBAnalog) refers to gpio.o(i.GPIODirModeSet) for GPIODirModeSet
    gpio.o(i.GPIOPinTypeUSBAnalog) refers to gpio.o(i.GPIOPadConfigSet) for GPIOPadConfigSet
    gpio.o(i.GPIOPinTypeUSBDigital) refers to gpio.o(i.GPIODirModeSet) for GPIODirModeSet
    gpio.o(i.GPIOPinTypeUSBDigital) refers to gpio.o(i.GPIOPadConfigSet) for GPIOPadConfigSet
    gpio.o(i.GPIOPinTypeWakeHigh) refers to gpio.o(i.GPIODirModeSet) for GPIODirModeSet
    gpio.o(i.GPIOPinTypeWakeHigh) refers to gpio.o(i.GPIOPadConfigSet) for GPIOPadConfigSet
    gpio.o(i.GPIOPinTypeWakeLow) refers to gpio.o(i.GPIODirModeSet) for GPIODirModeSet
    gpio.o(i.GPIOPinTypeWakeLow) refers to gpio.o(i.GPIOPadConfigSet) for GPIOPadConfigSet
    sysctl.o(i.SysCtlClockFreqSet) refers to sysctl.o(.constdata) for .constdata
    sysctl.o(i.SysCtlClockGet) refers to sysctl.o(.constdata) for .constdata
    sysctl.o(i.SysCtlClockSet) refers to sysctl.o(.emb_text) for SysCtlDelay
    sysctl.o(i.SysCtlDeepSleep) refers to cpu.o(.emb_text) for CPUwfi
    sysctl.o(i.SysCtlIntRegister) refers to interrupt.o(i.IntRegister) for IntRegister
    sysctl.o(i.SysCtlIntRegister) refers to interrupt.o(i.IntEnable) for IntEnable
    sysctl.o(i.SysCtlIntUnregister) refers to interrupt.o(i.IntDisable) for IntDisable
    sysctl.o(i.SysCtlIntUnregister) refers to interrupt.o(i.IntUnregister) for IntUnregister
    sysctl.o(i.SysCtlSleep) refers to cpu.o(.emb_text) for CPUwfi
    uart.o(i.UARTIntRegister) refers to interrupt.o(i.IntRegister) for IntRegister
    uart.o(i.UARTIntRegister) refers to interrupt.o(i.IntEnable) for IntEnable
    uart.o(i.UARTIntRegister) refers to uart.o(.constdata) for .constdata
    uart.o(i.UARTIntUnregister) refers to interrupt.o(i.IntDisable) for IntDisable
    uart.o(i.UARTIntUnregister) refers to interrupt.o(i.IntUnregister) for IntUnregister
    uart.o(i.UARTIntUnregister) refers to uart.o(.constdata) for .constdata
    interrupt.o(i.IntDisable) refers to interrupt.o(.constdata) for .constdata
    interrupt.o(i.IntEnable) refers to interrupt.o(.constdata) for .constdata
    interrupt.o(i.IntIsEnabled) refers to interrupt.o(.constdata) for .constdata
    interrupt.o(i.IntMasterDisable) refers to cpu.o(.emb_text) for CPUcpsid
    interrupt.o(i.IntMasterEnable) refers to cpu.o(.emb_text) for CPUcpsie
    interrupt.o(i.IntPendClear) refers to interrupt.o(.constdata) for .constdata
    interrupt.o(i.IntPendSet) refers to interrupt.o(.constdata) for .constdata
    interrupt.o(i.IntPriorityGet) refers to interrupt.o(.constdata) for .constdata
    interrupt.o(i.IntPriorityGroupingGet) refers to interrupt.o(.constdata) for .constdata
    interrupt.o(i.IntPriorityGroupingSet) refers to interrupt.o(.constdata) for .constdata
    interrupt.o(i.IntPriorityMaskGet) refers to cpu.o(.emb_text) for CPUbasepriGet
    interrupt.o(i.IntPriorityMaskSet) refers to cpu.o(.emb_text) for CPUbasepriSet
    interrupt.o(i.IntPrioritySet) refers to interrupt.o(.constdata) for .constdata
    interrupt.o(i.IntRegister) refers to interrupt.o(vtable) for vtable
    interrupt.o(i.IntUnregister) refers to interrupt.o(i._IntDefaultHandler) for _IntDefaultHandler
    interrupt.o(i.IntUnregister) refers to interrupt.o(vtable) for vtable
    __main.o(!!!main) refers to __rtentry.o(.ARM.Collect$$rtentry$$00000000) for __rt_entry
    __rtentry.o(.ARM.Collect$$rtentry$$00000000) refers (Special) to __rtentry2.o(.ARM.Collect$$rtentry$$0000000A) for __rt_entry_li
    __rtentry.o(.ARM.Collect$$rtentry$$00000000) refers (Special) to __rtentry2.o(.ARM.Collect$$rtentry$$0000000D) for __rt_entry_main
    __rtentry.o(.ARM.Collect$$rtentry$$00000000) refers (Special) to __rtentry2.o(.ARM.Collect$$rtentry$$0000000C) for __rt_entry_postli_1
    __rtentry.o(.ARM.Collect$$rtentry$$00000000) refers (Special) to __rtentry2.o(.ARM.Collect$$rtentry$$00000009) for __rt_entry_postsh_1
    __rtentry.o(.ARM.Collect$$rtentry$$00000000) refers (Special) to __rtentry2.o(.ARM.Collect$$rtentry$$00000002) for __rt_entry_presh_1
    __rtentry.o(.ARM.Collect$$rtentry$$00000000) refers (Special) to __rtentry4.o(.ARM.Collect$$rtentry$$00000004) for __rt_entry_sh
    __rtentry2.o(.ARM.Collect$$rtentry$$00000008) refers to boardinit2.o(.text) for _platform_post_stackheap_init
    __rtentry2.o(.ARM.Collect$$rtentry$$0000000A) refers to libinit.o(.ARM.Collect$$libinit$$00000000) for __rt_lib_init
    __rtentry2.o(.ARM.Collect$$rtentry$$0000000B) refers to boardinit3.o(.text) for _platform_post_lib_init
    __rtentry2.o(.ARM.Collect$$rtentry$$0000000D) refers to main.o(i.main) for main
    __rtentry2.o(.ARM.Collect$$rtentry$$0000000D) refers to exit.o(.text) for exit
    __rtentry2.o(.ARM.exidx) refers to __rtentry2.o(.ARM.Collect$$rtentry$$00000001) for .ARM.Collect$$rtentry$$00000001
    __rtentry2.o(.ARM.exidx) refers to __rtentry2.o(.ARM.Collect$$rtentry$$00000008) for .ARM.Collect$$rtentry$$00000008
    __rtentry2.o(.ARM.exidx) refers to __rtentry2.o(.ARM.Collect$$rtentry$$0000000A) for .ARM.Collect$$rtentry$$0000000A
    __rtentry2.o(.ARM.exidx) refers to __rtentry2.o(.ARM.Collect$$rtentry$$0000000B) for .ARM.Collect$$rtentry$$0000000B
    __rtentry2.o(.ARM.exidx) refers to __rtentry2.o(.ARM.Collect$$rtentry$$0000000D) for .ARM.Collect$$rtentry$$0000000D
    __rtentry4.o(.ARM.Collect$$rtentry$$00000004) refers to sys_stackheap_outer.o(.text) for __user_setup_stackheap
    __rtentry4.o(.ARM.exidx) refers to __rtentry4.o(.ARM.Collect$$rtentry$$00000004) for .ARM.Collect$$rtentry$$00000004
    sys_stackheap_outer.o(.text) refers to libspace.o(.text) for __user_perproc_libspace
    sys_stackheap_outer.o(.text) refers to startup_tm4c123.o(.text) for __user_initial_stackheap
    exit.o(.text) refers to rtexit.o(.ARM.Collect$$rtexit$$00000000) for __rt_exit
    libinit.o(.ARM.Collect$$libinit$$00000000) refers (Special) to libinit2.o(.ARM.Collect$$libinit$$0000002E) for __rt_lib_init_alloca_1
    libinit.o(.ARM.Collect$$libinit$$00000000) refers (Special) to libinit2.o(.ARM.Collect$$libinit$$0000002C) for __rt_lib_init_argv_1
    libinit.o(.ARM.Collect$$libinit$$00000000) refers (Special) to libinit2.o(.ARM.Collect$$libinit$$0000001B) for __rt_lib_init_atexit_1
    libinit.o(.ARM.Collect$$libinit$$00000000) refers (Special) to libinit2.o(.ARM.Collect$$libinit$$00000021) for __rt_lib_init_clock_1
    libinit.o(.ARM.Collect$$libinit$$00000000) refers (Special) to libinit2.o(.ARM.Collect$$libinit$$00000032) for __rt_lib_init_cpp_1
    libinit.o(.ARM.Collect$$libinit$$00000000) refers (Special) to libinit2.o(.ARM.Collect$$libinit$$00000030) for __rt_lib_init_exceptions_1
    libinit.o(.ARM.Collect$$libinit$$00000000) refers (Special) to libinit2.o(.ARM.Collect$$libinit$$00000001) for __rt_lib_init_fp_1
    libinit.o(.ARM.Collect$$libinit$$00000000) refers (Special) to libinit2.o(.ARM.Collect$$libinit$$0000001F) for __rt_lib_init_fp_trap_1
    libinit.o(.ARM.Collect$$libinit$$00000000) refers (Special) to libinit2.o(.ARM.Collect$$libinit$$00000023) for __rt_lib_init_getenv_1
    libinit.o(.ARM.Collect$$libinit$$00000000) refers (Special) to libinit2.o(.ARM.Collect$$libinit$$0000000A) for __rt_lib_init_heap_1
    libinit.o(.ARM.Collect$$libinit$$00000000) refers (Special) to libinit2.o(.ARM.Collect$$libinit$$00000011) for __rt_lib_init_lc_collate_1
    libinit.o(.ARM.Collect$$libinit$$00000000) refers (Special) to libinit2.o(.ARM.Collect$$libinit$$00000013) for __rt_lib_init_lc_ctype_1
    libinit.o(.ARM.Collect$$libinit$$00000000) refers (Special) to libinit2.o(.ARM.Collect$$libinit$$00000015) for __rt_lib_init_lc_monetary_1
    libinit.o(.ARM.Collect$$libinit$$00000000) refers (Special) to libinit2.o(.ARM.Collect$$libinit$$00000017) for __rt_lib_init_lc_numeric_1
    libinit.o(.ARM.Collect$$libinit$$00000000) refers (Special) to libinit2.o(.ARM.Collect$$libinit$$00000019) for __rt_lib_init_lc_time_1
    libinit.o(.ARM.Collect$$libinit$$00000000) refers (Special) to libinit2.o(.ARM.Collect$$libinit$$00000004) for __rt_lib_init_preinit_1
    libinit.o(.ARM.Collect$$libinit$$00000000) refers (Special) to libinit2.o(.ARM.Collect$$libinit$$0000000E) for __rt_lib_init_rand_1
    libinit.o(.ARM.Collect$$libinit$$00000000) refers (Special) to libinit2.o(.ARM.Collect$$libinit$$00000033) for __rt_lib_init_return
    libinit.o(.ARM.Collect$$libinit$$00000000) refers (Special) to libinit2.o(.ARM.Collect$$libinit$$0000001D) for __rt_lib_init_signal_1
    libinit.o(.ARM.Collect$$libinit$$00000000) refers (Special) to libinit2.o(.ARM.Collect$$libinit$$00000025) for __rt_lib_init_stdio_1
    libinit.o(.ARM.Collect$$libinit$$00000000) refers (Special) to libinit2.o(.ARM.Collect$$libinit$$0000000C) for __rt_lib_init_user_alloc_1
    libspace.o(.text) refers to libspace.o(.bss) for __libspace_start
    rtexit.o(.ARM.Collect$$rtexit$$00000000) refers (Special) to rtexit2.o(.ARM.Collect$$rtexit$$00000004) for __rt_exit_exit
    rtexit.o(.ARM.Collect$$rtexit$$00000000) refers (Special) to rtexit2.o(.ARM.Collect$$rtexit$$00000003) for __rt_exit_ls
    rtexit.o(.ARM.Collect$$rtexit$$00000000) refers (Special) to rtexit2.o(.ARM.Collect$$rtexit$$00000002) for __rt_exit_prels_1
    rtexit.o(.ARM.exidx) refers (Special) to rtexit2.o(.ARM.Collect$$rtexit$$00000004) for __rt_exit_exit
    rtexit.o(.ARM.exidx) refers (Special) to rtexit2.o(.ARM.Collect$$rtexit$$00000003) for __rt_exit_ls
    rtexit.o(.ARM.exidx) refers (Special) to rtexit2.o(.ARM.Collect$$rtexit$$00000002) for __rt_exit_prels_1
    rtexit.o(.ARM.exidx) refers to rtexit.o(.ARM.Collect$$rtexit$$00000000) for .ARM.Collect$$rtexit$$00000000
    libinit2.o(.ARM.Collect$$libinit$$00000001) refers to fpinit.o(x$fpl$fpinit) for _fp_init
    libinit2.o(.ARM.Collect$$libinit$$00000010) refers to libinit2.o(.ARM.Collect$$libinit$$0000000F) for .ARM.Collect$$libinit$$0000000F
    libinit2.o(.ARM.Collect$$libinit$$00000012) refers to libinit2.o(.ARM.Collect$$libinit$$0000000F) for .ARM.Collect$$libinit$$0000000F
    libinit2.o(.ARM.Collect$$libinit$$00000014) refers to libinit2.o(.ARM.Collect$$libinit$$0000000F) for .ARM.Collect$$libinit$$0000000F
    libinit2.o(.ARM.Collect$$libinit$$00000016) refers to libinit2.o(.ARM.Collect$$libinit$$0000000F) for .ARM.Collect$$libinit$$0000000F
    libinit2.o(.ARM.Collect$$libinit$$00000018) refers to libinit2.o(.ARM.Collect$$libinit$$0000000F) for .ARM.Collect$$libinit$$0000000F
    libinit2.o(.ARM.Collect$$libinit$$00000026) refers to argv_veneer.o(.emb_text) for __ARM_argv_veneer
    libinit2.o(.ARM.Collect$$libinit$$00000027) refers to argv_veneer.o(.emb_text) for __ARM_argv_veneer
    rtexit2.o(.ARM.Collect$$rtexit$$00000003) refers to libshutdown.o(.ARM.Collect$$libshutdown$$00000000) for __rt_lib_shutdown
    rtexit2.o(.ARM.Collect$$rtexit$$00000004) refers to sys_exit.o(.text) for _sys_exit
    rtexit2.o(.ARM.exidx) refers to rtexit2.o(.ARM.Collect$$rtexit$$00000001) for .ARM.Collect$$rtexit$$00000001
    rtexit2.o(.ARM.exidx) refers to rtexit2.o(.ARM.Collect$$rtexit$$00000003) for .ARM.Collect$$rtexit$$00000003
    rtexit2.o(.ARM.exidx) refers to rtexit2.o(.ARM.Collect$$rtexit$$00000004) for .ARM.Collect$$rtexit$$00000004
    argv_veneer.o(.emb_text) refers to no_argv.o(.text) for __ARM_get_argv
    sys_exit.o(.text) refers (Special) to use_no_semi.o(.text) for __I$use$semihosting
    sys_exit.o(.text) refers (Special) to indicate_semi.o(.text) for __semihosting_library_function
    _get_argv_nomalloc.o(.text) refers (Special) to hrguard.o(.text) for __heap_region$guard
    _get_argv_nomalloc.o(.text) refers to defsig_rtmem_outer.o(.text) for __rt_SIGRTMEM
    _get_argv_nomalloc.o(.text) refers to sys_command.o(.text) for _sys_command_string
    libshutdown.o(.ARM.Collect$$libshutdown$$00000000) refers (Special) to libshutdown2.o(.ARM.Collect$$libshutdown$$00000002) for __rt_lib_shutdown_cpp_1
    libshutdown.o(.ARM.Collect$$libshutdown$$00000000) refers (Special) to libshutdown2.o(.ARM.Collect$$libshutdown$$00000007) for __rt_lib_shutdown_fp_trap_1
    libshutdown.o(.ARM.Collect$$libshutdown$$00000000) refers (Special) to libshutdown2.o(.ARM.Collect$$libshutdown$$0000000F) for __rt_lib_shutdown_heap_1
    libshutdown.o(.ARM.Collect$$libshutdown$$00000000) refers (Special) to libshutdown2.o(.ARM.Collect$$libshutdown$$00000010) for __rt_lib_shutdown_return
    libshutdown.o(.ARM.Collect$$libshutdown$$00000000) refers (Special) to libshutdown2.o(.ARM.Collect$$libshutdown$$0000000A) for __rt_lib_shutdown_signal_1
    libshutdown.o(.ARM.Collect$$libshutdown$$00000000) refers (Special) to libshutdown2.o(.ARM.Collect$$libshutdown$$00000004) for __rt_lib_shutdown_stdio_1
    libshutdown.o(.ARM.Collect$$libshutdown$$00000000) refers (Special) to libshutdown2.o(.ARM.Collect$$libshutdown$$0000000C) for __rt_lib_shutdown_user_alloc_1
    sys_command.o(.text) refers (Special) to use_no_semi.o(.text) for __I$use$semihosting
    sys_command.o(.text) refers (Special) to indicate_semi.o(.text) for __semihosting_library_function
    defsig_rtmem_outer.o(.text) refers to defsig_rtmem_inner.o(.text) for __rt_SIGRTMEM_inner
    defsig_rtmem_outer.o(.text) refers to defsig_exit.o(.text) for __sig_exit
    defsig_rtmem_formal.o(.text) refers to rt_raise.o(.text) for __rt_raise
    rt_raise.o(.text) refers to __raise.o(.text) for __raise
    rt_raise.o(.text) refers to sys_exit.o(.text) for _sys_exit
    defsig_exit.o(.text) refers to sys_exit.o(.text) for _sys_exit
    defsig_rtmem_inner.o(.text) refers to defsig_general.o(.text) for __default_signal_display
    __raise.o(.text) refers to defsig.o(CL$$defsig) for __default_signal_handler
    defsig_general.o(.text) refers to sys_wrch.o(.text) for _ttywrch
    sys_wrch.o(.text) refers (Special) to use_no_semi.o(.text) for __I$use$semihosting
    sys_wrch.o(.text) refers (Special) to indicate_semi.o(.text) for __semihosting_library_function
    defsig.o(CL$$defsig) refers to defsig_rtmem_inner.o(.text) for __rt_SIGRTMEM_inner
    defsig_abrt_inner.o(.text) refers to defsig_general.o(.text) for __default_signal_display
    defsig_fpe_inner.o(.text) refers to defsig_general.o(.text) for __default_signal_display
    defsig_rtred_inner.o(.text) refers to defsig_general.o(.text) for __default_signal_display
    defsig_stak_inner.o(.text) refers to defsig_general.o(.text) for __default_signal_display
    defsig_pvfn_inner.o(.text) refers to defsig_general.o(.text) for __default_signal_display
    defsig_cppl_inner.o(.text) refers to defsig_general.o(.text) for __default_signal_display
    defsig_segv_inner.o(.text) refers to defsig_general.o(.text) for __default_signal_display
    defsig_other.o(.text) refers to defsig_general.o(.text) for __default_signal_display


==============================================================================

Removing Unused input sections from the image.

    Removing main.o(i.delay), (10 bytes).
    Removing uart_handler.o(i.UART0_GetUDecimal), (76 bytes).
    Removing uart_handler.o(i.UART0_GetUHex), (108 bytes).
    Removing uart_handler.o(i.UART0_SendUDecimal), (42 bytes).
    Removing uart_handler.o(i.UART0_SendUHex), (52 bytes).
    Removing uart_handler.o(i.UART2_GetString), (70 bytes).
    Removing uart_handler.o(i.UART2_GetUDecimal), (76 bytes).
    Removing uart_handler.o(i.UART2_GetUHex), (108 bytes).
    Removing uart_handler.o(i.UART2_SendNewLine), (16 bytes).
    Removing uart_handler.o(i.UART2_SendUDecimal), (42 bytes).
    Removing uart_handler.o(i.UART2_SendUHex), (52 bytes).
    Removing gpio.o(i.GPIOADCTriggerDisable), (14 bytes).
    Removing gpio.o(i.GPIOADCTriggerEnable), (12 bytes).
    Removing gpio.o(i.GPIODMATriggerDisable), (14 bytes).
    Removing gpio.o(i.GPIODMATriggerEnable), (12 bytes).
    Removing gpio.o(i.GPIODirModeGet), (34 bytes).
    Removing gpio.o(i.GPIOIntClear), (6 bytes).
    Removing gpio.o(i.GPIOIntDisable), (14 bytes).
    Removing gpio.o(i.GPIOIntEnable), (12 bytes).
    Removing gpio.o(i.GPIOIntRegister), (88 bytes).
    Removing gpio.o(i.GPIOIntStatus), (14 bytes).
    Removing gpio.o(i.GPIOIntTypeGet), (68 bytes).
    Removing gpio.o(i.GPIOIntTypeSet), (80 bytes).
    Removing gpio.o(i.GPIOIntUnregister), (88 bytes).
    Removing gpio.o(i.GPIOPadConfigGet), (204 bytes).
    Removing gpio.o(i.GPIOPinRead), (6 bytes).
    Removing gpio.o(i.GPIOPinTypeADC), (28 bytes).
    Removing gpio.o(i.GPIOPinTypeCAN), (28 bytes).
    Removing gpio.o(i.GPIOPinTypeCIR), (28 bytes).
    Removing gpio.o(i.GPIOPinTypeComparator), (28 bytes).
    Removing gpio.o(i.GPIOPinTypeComparatorOutput), (28 bytes).
    Removing gpio.o(i.GPIOPinTypeEPI), (28 bytes).
    Removing gpio.o(i.GPIOPinTypeEthernetLED), (28 bytes).
    Removing gpio.o(i.GPIOPinTypeEthernetMII), (28 bytes).
    Removing gpio.o(i.GPIOPinTypeGPIOInput), (28 bytes).
    Removing gpio.o(i.GPIOPinTypeGPIOOutput), (28 bytes).
    Removing gpio.o(i.GPIOPinTypeGPIOOutputOD), (28 bytes).
    Removing gpio.o(i.GPIOPinTypeI2C), (28 bytes).
    Removing gpio.o(i.GPIOPinTypeI2CSCL), (28 bytes).
    Removing gpio.o(i.GPIOPinTypeKBColumn), (28 bytes).
    Removing gpio.o(i.GPIOPinTypeKBRow), (28 bytes).
    Removing gpio.o(i.GPIOPinTypeLCD), (28 bytes).
    Removing gpio.o(i.GPIOPinTypeLEDSeq), (28 bytes).
    Removing gpio.o(i.GPIOPinTypeLPC), (28 bytes).
    Removing gpio.o(i.GPIOPinTypePECIRx), (28 bytes).
    Removing gpio.o(i.GPIOPinTypePECITx), (28 bytes).
    Removing gpio.o(i.GPIOPinTypePWM), (28 bytes).
    Removing gpio.o(i.GPIOPinTypeQEI), (28 bytes).
    Removing gpio.o(i.GPIOPinTypeSSI), (28 bytes).
    Removing gpio.o(i.GPIOPinTypeTimer), (28 bytes).
    Removing gpio.o(i.GPIOPinTypeUSBAnalog), (28 bytes).
    Removing gpio.o(i.GPIOPinTypeUSBDigital), (28 bytes).
    Removing gpio.o(i.GPIOPinTypeWakeHigh), (30 bytes).
    Removing gpio.o(i.GPIOPinTypeWakeLow), (30 bytes).
    Removing gpio.o(i.GPIOPinWakeStatus), (6 bytes).
    Removing gpio.o(i.GPIOPinWrite), (6 bytes).
    Removing sysctl.o(i.SysCtlAltClkConfig), (12 bytes).
    Removing sysctl.o(i.SysCtlClockFreqSet), (712 bytes).
    Removing sysctl.o(i.SysCtlClockOutConfig), (20 bytes).
    Removing sysctl.o(i.SysCtlDeepSleep), (32 bytes).
    Removing sysctl.o(i.SysCtlDeepSleepClockConfigSet), (112 bytes).
    Removing sysctl.o(i.SysCtlDeepSleepClockSet), (12 bytes).
    Removing sysctl.o(i.SysCtlDeepSleepPowerSet), (12 bytes).
    Removing sysctl.o(i.SysCtlFlashSectorSizeGet), (56 bytes).
    Removing sysctl.o(i.SysCtlFlashSizeGet), (56 bytes).
    Removing sysctl.o(i.SysCtlGPIOAHBDisable), (28 bytes).
    Removing sysctl.o(i.SysCtlGPIOAHBEnable), (24 bytes).
    Removing sysctl.o(i.SysCtlIntClear), (12 bytes).
    Removing sysctl.o(i.SysCtlIntDisable), (16 bytes).
    Removing sysctl.o(i.SysCtlIntEnable), (16 bytes).
    Removing sysctl.o(i.SysCtlIntRegister), (20 bytes).
    Removing sysctl.o(i.SysCtlIntStatus), (16 bytes).
    Removing sysctl.o(i.SysCtlIntUnregister), (18 bytes).
    Removing sysctl.o(i.SysCtlLDODeepSleepGet), (12 bytes).
    Removing sysctl.o(i.SysCtlLDODeepSleepSet), (12 bytes).
    Removing sysctl.o(i.SysCtlLDOSleepGet), (12 bytes).
    Removing sysctl.o(i.SysCtlLDOSleepSet), (12 bytes).
    Removing sysctl.o(i.SysCtlMOSCConfigSet), (12 bytes).
    Removing sysctl.o(i.SysCtlNMIClear), (16 bytes).
    Removing sysctl.o(i.SysCtlNMIStatus), (12 bytes).
    Removing sysctl.o(i.SysCtlPIOSCCalibrate), (76 bytes).
    Removing sysctl.o(i.SysCtlPWMClockGet), (24 bytes).
    Removing sysctl.o(i.SysCtlPWMClockSet), (20 bytes).
    Removing sysctl.o(i.SysCtlPeripheralClockGating), (68 bytes).
    Removing sysctl.o(i.SysCtlPeripheralDeepSleepDisable), (40 bytes).
    Removing sysctl.o(i.SysCtlPeripheralDeepSleepEnable), (40 bytes).
    Removing sysctl.o(i.SysCtlPeripheralDisable), (40 bytes).
    Removing sysctl.o(i.SysCtlPeripheralPowerOff), (40 bytes).
    Removing sysctl.o(i.SysCtlPeripheralPowerOn), (40 bytes).
    Removing sysctl.o(i.SysCtlPeripheralPresent), (44 bytes).
    Removing sysctl.o(i.SysCtlPeripheralReset), (60 bytes).
    Removing sysctl.o(i.SysCtlPeripheralSleepDisable), (40 bytes).
    Removing sysctl.o(i.SysCtlPeripheralSleepEnable), (40 bytes).
    Removing sysctl.o(i.SysCtlReset), (16 bytes).
    Removing sysctl.o(i.SysCtlResetBehaviorGet), (12 bytes).
    Removing sysctl.o(i.SysCtlResetBehaviorSet), (12 bytes).
    Removing sysctl.o(i.SysCtlResetCauseClear), (16 bytes).
    Removing sysctl.o(i.SysCtlResetCauseGet), (12 bytes).
    Removing sysctl.o(i.SysCtlSRAMSizeGet), (16 bytes).
    Removing sysctl.o(i.SysCtlSleep), (4 bytes).
    Removing sysctl.o(i.SysCtlSleepPowerSet), (12 bytes).
    Removing sysctl.o(i.SysCtlUSBPLLDisable), (16 bytes).
    Removing sysctl.o(i.SysCtlUSBPLLEnable), (16 bytes).
    Removing sysctl.o(i.SysCtlVoltageEventClear), (16 bytes).
    Removing sysctl.o(i.SysCtlVoltageEventConfig), (12 bytes).
    Removing sysctl.o(i.SysCtlVoltageEventStatus), (12 bytes).
    Removing uart.o(i.UART9BitAddrSend), (38 bytes).
    Removing uart.o(i.UART9BitAddrSet), (10 bytes).
    Removing uart.o(i.UART9BitDisable), (14 bytes).
    Removing uart.o(i.UART9BitEnable), (14 bytes).
    Removing uart.o(i.UARTBreakCtl), (18 bytes).
    Removing uart.o(i.UARTBusy), (8 bytes).
    Removing uart.o(i.UARTCharGetNonBlocking), (16 bytes).
    Removing uart.o(i.UARTCharPutNonBlocking), (16 bytes).
    Removing uart.o(i.UARTClockSourceGet), (6 bytes).
    Removing uart.o(i.UARTDMADisable), (10 bytes).
    Removing uart.o(i.UARTDMAEnable), (8 bytes).
    Removing uart.o(i.UARTDisableSIR), (10 bytes).
    Removing uart.o(i.UARTEnableSIR), (18 bytes).
    Removing uart.o(i.UARTFIFODisable), (10 bytes).
    Removing uart.o(i.UARTFIFOLevelGet), (16 bytes).
    Removing uart.o(i.UARTFIFOLevelSet), (6 bytes).
    Removing uart.o(i.UARTFlowControlGet), (8 bytes).
    Removing uart.o(i.UARTFlowControlSet), (12 bytes).
    Removing uart.o(i.UARTIntClear), (4 bytes).
    Removing uart.o(i.UARTIntDisable), (10 bytes).
    Removing uart.o(i.UARTIntEnable), (8 bytes).
    Removing uart.o(i.UARTIntRegister), (88 bytes).
    Removing uart.o(i.UARTIntStatus), (10 bytes).
    Removing uart.o(i.UARTIntUnregister), (88 bytes).
    Removing uart.o(i.UARTModemControlClear), (14 bytes).
    Removing uart.o(i.UARTModemControlGet), (8 bytes).
    Removing uart.o(i.UARTModemControlSet), (12 bytes).
    Removing uart.o(i.UARTModemStatusGet), (10 bytes).
    Removing uart.o(i.UARTParityModeGet), (8 bytes).
    Removing uart.o(i.UARTParityModeSet), (12 bytes).
    Removing uart.o(i.UARTRxErrorClear), (6 bytes).
    Removing uart.o(i.UARTRxErrorGet), (8 bytes).
    Removing uart.o(i.UARTSmartCardDisable), (10 bytes).
    Removing uart.o(i.UARTSmartCardEnable), (22 bytes).
    Removing uart.o(i.UARTSpaceAvail), (10 bytes).
    Removing uart.o(i.UARTTxIntModeGet), (8 bytes).
    Removing uart.o(i.UARTTxIntModeSet), (12 bytes).
    Removing uart.o(.constdata), (128 bytes).
    Removing cpu.o(.emb_text), (38 bytes).
    Removing interrupt.o(i.IntDisable), (100 bytes).
    Removing interrupt.o(i.IntEnable), (100 bytes).
    Removing interrupt.o(i.IntIsEnabled), (96 bytes).
    Removing interrupt.o(i.IntMasterDisable), (14 bytes).
    Removing interrupt.o(i.IntMasterEnable), (14 bytes).
    Removing interrupt.o(i.IntPendClear), (68 bytes).
    Removing interrupt.o(i.IntPendSet), (84 bytes).
    Removing interrupt.o(i.IntPriorityGet), (28 bytes).
    Removing interrupt.o(i.IntPriorityGroupingGet), (36 bytes).
    Removing interrupt.o(i.IntPriorityGroupingSet), (28 bytes).
    Removing interrupt.o(i.IntPriorityMaskGet), (4 bytes).
    Removing interrupt.o(i.IntPriorityMaskSet), (4 bytes).
    Removing interrupt.o(i.IntPrioritySet), (40 bytes).
    Removing interrupt.o(i.IntRegister), (52 bytes).
    Removing interrupt.o(i.IntTrigger), (12 bytes).
    Removing interrupt.o(i.IntUnregister), (20 bytes).
    Removing interrupt.o(i._IntDefaultHandler), (2 bytes).
    Removing interrupt.o(.constdata), (268 bytes).
    Removing interrupt.o(vtable), (620 bytes).

164 unused section(s) (total 6466 bytes) removed from the image.

==============================================================================

Image Symbol Table

    Local Symbols

    Symbol Name                              Value     Ov Type        Size  Object(Section)

    RESET                                    0x00000000   Section      620  startup_tm4c123.o(RESET)
    ../clib/angel/boardlib.s                 0x00000000   Number         0  boardinit3.o ABSOLUTE
    ../clib/angel/boardlib.s                 0x00000000   Number         0  boardinit1.o ABSOLUTE
    ../clib/angel/boardlib.s                 0x00000000   Number         0  boardshut.o ABSOLUTE
    ../clib/angel/boardlib.s                 0x00000000   Number         0  boardinit2.o ABSOLUTE
    ../clib/angel/handlers.s                 0x00000000   Number         0  __scatter_copy.o ABSOLUTE
    ../clib/angel/handlers.s                 0x00000000   Number         0  __scatter_zi.o ABSOLUTE
    ../clib/angel/kernel.s                   0x00000000   Number         0  rtexit2.o ABSOLUTE
    ../clib/angel/kernel.s                   0x00000000   Number         0  __rtentry4.o ABSOLUTE
    ../clib/angel/kernel.s                   0x00000000   Number         0  __rtentry2.o ABSOLUTE
    ../clib/angel/kernel.s                   0x00000000   Number         0  __rtentry.o ABSOLUTE
    ../clib/angel/kernel.s                   0x00000000   Number         0  rtexit.o ABSOLUTE
    ../clib/angel/rt.s                       0x00000000   Number         0  rt_raise.o ABSOLUTE
    ../clib/angel/scatter.s                  0x00000000   Number         0  __scatter.o ABSOLUTE
    ../clib/angel/startup.s                  0x00000000   Number         0  __main.o ABSOLUTE
    ../clib/angel/sys.s                      0x00000000   Number         0  sys_stackheap_outer.o ABSOLUTE
    ../clib/angel/sys.s                      0x00000000   Number         0  indicate_semi.o ABSOLUTE
    ../clib/angel/sys.s                      0x00000000   Number         0  use_no_semi.o ABSOLUTE
    ../clib/angel/sys.s                      0x00000000   Number         0  libspace.o ABSOLUTE
    ../clib/angel/sysapp.c                   0x00000000   Number         0  sys_exit.o ABSOLUTE
    ../clib/angel/sysapp.c                   0x00000000   Number         0  sys_wrch.o ABSOLUTE
    ../clib/angel/sysapp.c                   0x00000000   Number         0  sys_command.o ABSOLUTE
    ../clib/armsys.c                         0x00000000   Number         0  no_argv.o ABSOLUTE
    ../clib/armsys.c                         0x00000000   Number         0  argv_veneer.o ABSOLUTE
    ../clib/armsys.c                         0x00000000   Number         0  argv_veneer.o ABSOLUTE
    ../clib/armsys.c                         0x00000000   Number         0  _get_argv_nomalloc.o ABSOLUTE
    ../clib/heapalloc.c                      0x00000000   Number         0  hrguard.o ABSOLUTE
    ../clib/heapaux.c                        0x00000000   Number         0  heapauxi.o ABSOLUTE
    ../clib/libinit.s                        0x00000000   Number         0  libshutdown.o ABSOLUTE
    ../clib/libinit.s                        0x00000000   Number         0  libinit2.o ABSOLUTE
    ../clib/libinit.s                        0x00000000   Number         0  libinit.o ABSOLUTE
    ../clib/libinit.s                        0x00000000   Number         0  libshutdown2.o ABSOLUTE
    ../clib/signal.c                         0x00000000   Number         0  defsig_rtmem_outer.o ABSOLUTE
    ../clib/signal.c                         0x00000000   Number         0  defsig_other.o ABSOLUTE
    ../clib/signal.c                         0x00000000   Number         0  defsig_segv_inner.o ABSOLUTE
    ../clib/signal.c                         0x00000000   Number         0  defsig_cppl_inner.o ABSOLUTE
    ../clib/signal.c                         0x00000000   Number         0  defsig_pvfn_inner.o ABSOLUTE
    ../clib/signal.c                         0x00000000   Number         0  defsig_stak_inner.o ABSOLUTE
    ../clib/signal.c                         0x00000000   Number         0  defsig_rtred_inner.o ABSOLUTE
    ../clib/signal.c                         0x00000000   Number         0  defsig_fpe_inner.o ABSOLUTE
    ../clib/signal.c                         0x00000000   Number         0  defsig_abrt_inner.o ABSOLUTE
    ../clib/signal.c                         0x00000000   Number         0  defsig_general.o ABSOLUTE
    ../clib/signal.c                         0x00000000   Number         0  __raise.o ABSOLUTE
    ../clib/signal.c                         0x00000000   Number         0  defsig_rtmem_inner.o ABSOLUTE
    ../clib/signal.c                         0x00000000   Number         0  defsig_exit.o ABSOLUTE
    ../clib/signal.c                         0x00000000   Number         0  defsig_rtmem_formal.o ABSOLUTE
    ../clib/signal.s                         0x00000000   Number         0  defsig.o ABSOLUTE
    ../clib/stdlib.c                         0x00000000   Number         0  exit.o ABSOLUTE
    ../fplib/fpinit.s                        0x00000000   Number         0  fpinit.o ABSOLUTE
    cpu.c                                    0x00000000   Number         0  cpu.o ABSOLUTE
    cpu.c                                    0x00000000   Number         0  cpu.o ABSOLUTE
    dc.s                                     0x00000000   Number         0  dc.o ABSOLUTE
    gpio.c                                   0x00000000   Number         0  gpio.o ABSOLUTE
    interrupt.c                              0x00000000   Number         0  interrupt.o ABSOLUTE
    main.c                                   0x00000000   Number         0  main.o ABSOLUTE
    startup_TM4C123.s                        0x00000000   Number         0  startup_tm4c123.o ABSOLUTE
    sysctl.c                                 0x00000000   Number         0  sysctl.o ABSOLUTE
    sysctl.c                                 0x00000000   Number         0  sysctl.o ABSOLUTE
    uart.c                                   0x00000000   Number         0  uart.o ABSOLUTE
    uart_handler.c                           0x00000000   Number         0  uart_handler.o ABSOLUTE
    !!!main                                  0x0000026c   Section        8  __main.o(!!!main)
    !!!scatter                               0x00000274   Section       52  __scatter.o(!!!scatter)
    !!handler_copy                           0x000002a8   Section       26  __scatter_copy.o(!!handler_copy)
    !!handler_zi                             0x000002c4   Section       28  __scatter_zi.o(!!handler_zi)
    .ARM.Collect$$libinit$$00000000          0x000002e0   Section        2  libinit.o(.ARM.Collect$$libinit$$00000000)
    .ARM.Collect$$libinit$$00000001          0x000002e2   Section        4  libinit2.o(.ARM.Collect$$libinit$$00000001)
    .ARM.Collect$$libinit$$00000004          0x000002e6   Section        0  libinit2.o(.ARM.Collect$$libinit$$00000004)
    .ARM.Collect$$libinit$$0000000A          0x000002e6   Section        0  libinit2.o(.ARM.Collect$$libinit$$0000000A)
    .ARM.Collect$$libinit$$0000000C          0x000002e6   Section        0  libinit2.o(.ARM.Collect$$libinit$$0000000C)
    .ARM.Collect$$libinit$$0000000E          0x000002e6   Section        0  libinit2.o(.ARM.Collect$$libinit$$0000000E)
    .ARM.Collect$$libinit$$00000011          0x000002e6   Section        0  libinit2.o(.ARM.Collect$$libinit$$00000011)
    .ARM.Collect$$libinit$$00000013          0x000002e6   Section        0  libinit2.o(.ARM.Collect$$libinit$$00000013)
    .ARM.Collect$$libinit$$00000015          0x000002e6   Section        0  libinit2.o(.ARM.Collect$$libinit$$00000015)
    .ARM.Collect$$libinit$$00000017          0x000002e6   Section        0  libinit2.o(.ARM.Collect$$libinit$$00000017)
    .ARM.Collect$$libinit$$00000019          0x000002e6   Section        0  libinit2.o(.ARM.Collect$$libinit$$00000019)
    .ARM.Collect$$libinit$$0000001B          0x000002e6   Section        0  libinit2.o(.ARM.Collect$$libinit$$0000001B)
    .ARM.Collect$$libinit$$0000001D          0x000002e6   Section        0  libinit2.o(.ARM.Collect$$libinit$$0000001D)
    .ARM.Collect$$libinit$$0000001F          0x000002e6   Section        0  libinit2.o(.ARM.Collect$$libinit$$0000001F)
    .ARM.Collect$$libinit$$00000021          0x000002e6   Section        0  libinit2.o(.ARM.Collect$$libinit$$00000021)
    .ARM.Collect$$libinit$$00000023          0x000002e6   Section        0  libinit2.o(.ARM.Collect$$libinit$$00000023)
    .ARM.Collect$$libinit$$00000025          0x000002e6   Section        0  libinit2.o(.ARM.Collect$$libinit$$00000025)
    .ARM.Collect$$libinit$$0000002C          0x000002e6   Section        0  libinit2.o(.ARM.Collect$$libinit$$0000002C)
    .ARM.Collect$$libinit$$0000002E          0x000002e6   Section        0  libinit2.o(.ARM.Collect$$libinit$$0000002E)
    .ARM.Collect$$libinit$$00000030          0x000002e6   Section        0  libinit2.o(.ARM.Collect$$libinit$$00000030)
    .ARM.Collect$$libinit$$00000032          0x000002e6   Section        0  libinit2.o(.ARM.Collect$$libinit$$00000032)
    .ARM.Collect$$libinit$$00000033          0x000002e6   Section        2  libinit2.o(.ARM.Collect$$libinit$$00000033)
    .ARM.Collect$$libshutdown$$00000000      0x000002e8   Section        2  libshutdown.o(.ARM.Collect$$libshutdown$$00000000)
    .ARM.Collect$$libshutdown$$00000002      0x000002ea   Section        0  libshutdown2.o(.ARM.Collect$$libshutdown$$00000002)
    .ARM.Collect$$libshutdown$$00000004      0x000002ea   Section        0  libshutdown2.o(.ARM.Collect$$libshutdown$$00000004)
    .ARM.Collect$$libshutdown$$00000007      0x000002ea   Section        0  libshutdown2.o(.ARM.Collect$$libshutdown$$00000007)
    .ARM.Collect$$libshutdown$$0000000A      0x000002ea   Section        0  libshutdown2.o(.ARM.Collect$$libshutdown$$0000000A)
    .ARM.Collect$$libshutdown$$0000000C      0x000002ea   Section        0  libshutdown2.o(.ARM.Collect$$libshutdown$$0000000C)
    .ARM.Collect$$libshutdown$$0000000F      0x000002ea   Section        0  libshutdown2.o(.ARM.Collect$$libshutdown$$0000000F)
    .ARM.Collect$$libshutdown$$00000010      0x000002ea   Section        2  libshutdown2.o(.ARM.Collect$$libshutdown$$00000010)
    .ARM.Collect$$rtentry$$00000000          0x000002ec   Section        0  __rtentry.o(.ARM.Collect$$rtentry$$00000000)
    .ARM.Collect$$rtentry$$00000002          0x000002ec   Section        0  __rtentry2.o(.ARM.Collect$$rtentry$$00000002)
    .ARM.Collect$$rtentry$$00000004          0x000002ec   Section        6  __rtentry4.o(.ARM.Collect$$rtentry$$00000004)
    .ARM.Collect$$rtentry$$00000009          0x000002f2   Section        0  __rtentry2.o(.ARM.Collect$$rtentry$$00000009)
    .ARM.Collect$$rtentry$$0000000A          0x000002f2   Section        4  __rtentry2.o(.ARM.Collect$$rtentry$$0000000A)
    .ARM.Collect$$rtentry$$0000000C          0x000002f6   Section        0  __rtentry2.o(.ARM.Collect$$rtentry$$0000000C)
    .ARM.Collect$$rtentry$$0000000D          0x000002f6   Section        8  __rtentry2.o(.ARM.Collect$$rtentry$$0000000D)
    .ARM.Collect$$rtexit$$00000000           0x000002fe   Section        2  rtexit.o(.ARM.Collect$$rtexit$$00000000)
    .ARM.Collect$$rtexit$$00000002           0x00000300   Section        0  rtexit2.o(.ARM.Collect$$rtexit$$00000002)
    .ARM.Collect$$rtexit$$00000003           0x00000300   Section        4  rtexit2.o(.ARM.Collect$$rtexit$$00000003)
    .ARM.Collect$$rtexit$$00000004           0x00000304   Section        6  rtexit2.o(.ARM.Collect$$rtexit$$00000004)
    .emb_text                                0x0000030c   Section        6  sysctl.o(.emb_text)
    $v0                                      0x0000030c   Number         0  sysctl.o(.emb_text)
    .text                                    0x00000314   Section       88  startup_tm4c123.o(.text)
    $v0                                      0x00000314   Number         0  startup_tm4c123.o(.text)
    .text                                    0x0000036c   Section        0  heapauxi.o(.text)
    .text                                    0x00000372   Section       74  sys_stackheap_outer.o(.text)
    .text                                    0x000003bc   Section        0  exit.o(.text)
    .text                                    0x000003d0   Section        8  libspace.o(.text)
    .text                                    0x000003d8   Section        0  sys_exit.o(.text)
    .text                                    0x000003e4   Section        2  use_no_semi.o(.text)
    .text                                    0x000003e6   Section        0  indicate_semi.o(.text)
    i.GPIODirModeSet                         0x000003e6   Section        0  gpio.o(i.GPIODirModeSet)
    i.GPIOPadConfigSet                       0x0000040e   Section        0  gpio.o(i.GPIOPadConfigSet)
    i.GPIOPinConfigure                       0x00000548   Section        0  gpio.o(i.GPIOPinConfigure)
    i.GPIOPinTypeUART                        0x0000058c   Section        0  gpio.o(i.GPIOPinTypeUART)
    i.SysCtlClockGet                         0x000005a8   Section        0  sysctl.o(i.SysCtlClockGet)
    i.SysCtlClockSet                         0x000006fc   Section        0  sysctl.o(i.SysCtlClockSet)
    i.SysCtlPeripheralEnable                 0x0000081c   Section        0  sysctl.o(i.SysCtlPeripheralEnable)
    i.SysCtlPeripheralReady                  0x00000844   Section        0  sysctl.o(i.SysCtlPeripheralReady)
    i.UART0_GetChar                          0x00000870   Section        0  uart_handler.o(i.UART0_GetChar)
    i.UART0_GetString                        0x00000880   Section        0  uart_handler.o(i.UART0_GetString)
    i.UART0_Init                             0x000008c8   Section        0  uart_handler.o(i.UART0_Init)
    i.UART0_SendChar                         0x00000944   Section        0  uart_handler.o(i.UART0_SendChar)
    i.UART0_SendNewLine                      0x00000958   Section        0  uart_handler.o(i.UART0_SendNewLine)
    i.UART0_SendString                       0x00000968   Section        0  uart_handler.o(i.UART0_SendString)
    i.UART2_GetChar                          0x00000980   Section        0  uart_handler.o(i.UART2_GetChar)
    i.UART2_Init                             0x00000990   Section        0  uart_handler.o(i.UART2_Init)
    i.UART2_SendChar                         0x00000a48   Section        0  uart_handler.o(i.UART2_SendChar)
    i.UART2_SendString                       0x00000a5c   Section        0  uart_handler.o(i.UART2_SendString)
    i.UARTCharGet                            0x00000a72   Section        0  uart.o(i.UARTCharGet)
    i.UARTCharPut                            0x00000a7e   Section        0  uart.o(i.UARTCharPut)
    i.UARTCharsAvail                         0x00000a8a   Section        0  uart.o(i.UARTCharsAvail)
    i.UARTClockSourceSet                     0x00000a94   Section        0  uart.o(i.UARTClockSourceSet)
    i.UARTConfigGetExpClk                    0x00000a9a   Section        0  uart.o(i.UARTConfigGetExpClk)
    i.UARTConfigSetExpClk                    0x00000ac8   Section        0  uart.o(i.UARTConfigSetExpClk)
    i.UARTDisable                            0x00000b36   Section        0  uart.o(i.UARTDisable)
    i.UARTEnable                             0x00000b54   Section        0  uart.o(i.UARTEnable)
    i.UARTFIFOEnable                         0x00000b68   Section        0  uart.o(i.UARTFIFOEnable)
    i.main                                   0x00000b74   Section        0  main.o(i.main)
    x$fpl$fpinit                             0x00000bc8   Section       10  fpinit.o(x$fpl$fpinit)
    $v0                                      0x00000bc8   Number         0  fpinit.o(x$fpl$fpinit)
    .constdata                               0x00000bd4   Section      528  gpio.o(.constdata)
    g_ppui32GPIOIntMapBlizzard               0x00000bd4   Data         192  gpio.o(.constdata)
    g_ppui32GPIOIntMapSnowflake              0x00000c94   Data         192  gpio.o(.constdata)
    g_pui32GPIOBaseAddrs                     0x00000d54   Data         144  gpio.o(.constdata)
    .constdata                               0x00000de4   Section      452  sysctl.o(.constdata)
    g_pui32VCOFrequencies                    0x00000de4   Data           8  sysctl.o(.constdata)
    g_pui32Xtals                             0x00000dec   Data         108  sysctl.o(.constdata)
    g_pppui32XTALtoVCO                       0x00000e58   Data         288  sysctl.o(.constdata)
    g_sXTALtoMEMTIM                          0x00000f78   Data          48  sysctl.o(.constdata)
    .data                                    0x20000000   Section        8  uart_handler.o(.data)
    .bss                                     0x20000008   Section       96  libspace.o(.bss)
    HEAP                                     0x20000068   Section        0  startup_tm4c123.o(HEAP)
    STACK                                    0x20000068   Section      512  startup_tm4c123.o(STACK)
    Heap_Mem                                 0x20000068   Data           0  startup_tm4c123.o(HEAP)
    Stack_Mem                                0x20000068   Data         512  startup_tm4c123.o(STACK)
    __initial_sp                             0x20000268   Data           0  startup_tm4c123.o(STACK)

    Global Symbols

    Symbol Name                              Value     Ov Type        Size  Object(Section)

    BuildAttributes$$THM_ISAv4$E$P$D$K$B$S$7EM$VFPi3$EXTD16$VFPS$VFMA$PE$A:L22UL41UL21$X:L11$S22US41US21$IEEE1$IW$USESV6$~STKCKD$USESV7$~SHL$OTIME$ROPI$EBA8$UX$STANDARDLIB$REQ8$PRES8$EABIv2 0x00000000   Number         0  anon$$obj.o ABSOLUTE
    __ARM_use_no_argv                        0x00000000   Number         0  main.o ABSOLUTE
    __Vectors                                0x00000000   Data           4  startup_tm4c123.o(RESET)
    __ARM_exceptions_init                     - Undefined Weak Reference
    __alloca_initialize                       - Undefined Weak Reference
    __arm_preinit_                            - Undefined Weak Reference
    __cpp_initialize__aeabi_                  - Undefined Weak Reference
    __cxa_finalize                            - Undefined Weak Reference
    __rt_locale                               - Undefined Weak Reference
    __sigvec_lookup                           - Undefined Weak Reference
    _atexit_init                              - Undefined Weak Reference
    _call_atexit_fns                          - Undefined Weak Reference
    _clock_init                               - Undefined Weak Reference
    _fp_trap_init                             - Undefined Weak Reference
    _fp_trap_shutdown                         - Undefined Weak Reference
    _get_lc_collate                           - Undefined Weak Reference
    _get_lc_ctype                             - Undefined Weak Reference
    _get_lc_monetary                          - Undefined Weak Reference
    _get_lc_numeric                           - Undefined Weak Reference
    _get_lc_time                              - Undefined Weak Reference
    _getenv_init                              - Undefined Weak Reference
    _handle_redirection                       - Undefined Weak Reference
    _init_alloc                               - Undefined Weak Reference
    _init_user_alloc                          - Undefined Weak Reference
    _initio                                   - Undefined Weak Reference
    _rand_init                                - Undefined Weak Reference
    _signal_finish                            - Undefined Weak Reference
    _signal_init                              - Undefined Weak Reference
    _terminate_alloc                          - Undefined Weak Reference
    _terminate_user_alloc                     - Undefined Weak Reference
    _terminateio                              - Undefined Weak Reference
    __Vectors_End                            0x0000026c   Data           0  startup_tm4c123.o(RESET)
    __Vectors_Size                           0x0000026c   Number         0  startup_tm4c123.o ABSOLUTE
    __main                                   0x0000026d   Thumb Code     8  __main.o(!!!main)
    __scatterload                            0x00000275   Thumb Code     0  __scatter.o(!!!scatter)
    __scatterload_rt2                        0x00000275   Thumb Code    44  __scatter.o(!!!scatter)
    __scatterload_rt2_thumb_only             0x00000275   Thumb Code     0  __scatter.o(!!!scatter)
    __scatterload_null                       0x00000283   Thumb Code     0  __scatter.o(!!!scatter)
    __scatterload_copy                       0x000002a9   Thumb Code    26  __scatter_copy.o(!!handler_copy)
    __scatterload_zeroinit                   0x000002c5   Thumb Code    28  __scatter_zi.o(!!handler_zi)
    __rt_lib_init                            0x000002e1   Thumb Code     0  libinit.o(.ARM.Collect$$libinit$$00000000)
    __rt_lib_init_fp_1                       0x000002e3   Thumb Code     0  libinit2.o(.ARM.Collect$$libinit$$00000001)
    __rt_lib_init_alloca_1                   0x000002e7   Thumb Code     0  libinit2.o(.ARM.Collect$$libinit$$0000002E)
    __rt_lib_init_argv_1                     0x000002e7   Thumb Code     0  libinit2.o(.ARM.Collect$$libinit$$0000002C)
    __rt_lib_init_atexit_1                   0x000002e7   Thumb Code     0  libinit2.o(.ARM.Collect$$libinit$$0000001B)
    __rt_lib_init_clock_1                    0x000002e7   Thumb Code     0  libinit2.o(.ARM.Collect$$libinit$$00000021)
    __rt_lib_init_cpp_1                      0x000002e7   Thumb Code     0  libinit2.o(.ARM.Collect$$libinit$$00000032)
    __rt_lib_init_exceptions_1               0x000002e7   Thumb Code     0  libinit2.o(.ARM.Collect$$libinit$$00000030)
    __rt_lib_init_fp_trap_1                  0x000002e7   Thumb Code     0  libinit2.o(.ARM.Collect$$libinit$$0000001F)
    __rt_lib_init_getenv_1                   0x000002e7   Thumb Code     0  libinit2.o(.ARM.Collect$$libinit$$00000023)
    __rt_lib_init_heap_1                     0x000002e7   Thumb Code     0  libinit2.o(.ARM.Collect$$libinit$$0000000A)
    __rt_lib_init_lc_collate_1               0x000002e7   Thumb Code     0  libinit2.o(.ARM.Collect$$libinit$$00000011)
    __rt_lib_init_lc_ctype_1                 0x000002e7   Thumb Code     0  libinit2.o(.ARM.Collect$$libinit$$00000013)
    __rt_lib_init_lc_monetary_1              0x000002e7   Thumb Code     0  libinit2.o(.ARM.Collect$$libinit$$00000015)
    __rt_lib_init_lc_numeric_1               0x000002e7   Thumb Code     0  libinit2.o(.ARM.Collect$$libinit$$00000017)
    __rt_lib_init_lc_time_1                  0x000002e7   Thumb Code     0  libinit2.o(.ARM.Collect$$libinit$$00000019)
    __rt_lib_init_preinit_1                  0x000002e7   Thumb Code     0  libinit2.o(.ARM.Collect$$libinit$$00000004)
    __rt_lib_init_rand_1                     0x000002e7   Thumb Code     0  libinit2.o(.ARM.Collect$$libinit$$0000000E)
    __rt_lib_init_return                     0x000002e7   Thumb Code     0  libinit2.o(.ARM.Collect$$libinit$$00000033)
    __rt_lib_init_signal_1                   0x000002e7   Thumb Code     0  libinit2.o(.ARM.Collect$$libinit$$0000001D)
    __rt_lib_init_stdio_1                    0x000002e7   Thumb Code     0  libinit2.o(.ARM.Collect$$libinit$$00000025)
    __rt_lib_init_user_alloc_1               0x000002e7   Thumb Code     0  libinit2.o(.ARM.Collect$$libinit$$0000000C)
    __rt_lib_shutdown                        0x000002e9   Thumb Code     0  libshutdown.o(.ARM.Collect$$libshutdown$$00000000)
    __rt_lib_shutdown_cpp_1                  0x000002eb   Thumb Code     0  libshutdown2.o(.ARM.Collect$$libshutdown$$00000002)
    __rt_lib_shutdown_fp_trap_1              0x000002eb   Thumb Code     0  libshutdown2.o(.ARM.Collect$$libshutdown$$00000007)
    __rt_lib_shutdown_heap_1                 0x000002eb   Thumb Code     0  libshutdown2.o(.ARM.Collect$$libshutdown$$0000000F)
    __rt_lib_shutdown_return                 0x000002eb   Thumb Code     0  libshutdown2.o(.ARM.Collect$$libshutdown$$00000010)
    __rt_lib_shutdown_signal_1               0x000002eb   Thumb Code     0  libshutdown2.o(.ARM.Collect$$libshutdown$$0000000A)
    __rt_lib_shutdown_stdio_1                0x000002eb   Thumb Code     0  libshutdown2.o(.ARM.Collect$$libshutdown$$00000004)
    __rt_lib_shutdown_user_alloc_1           0x000002eb   Thumb Code     0  libshutdown2.o(.ARM.Collect$$libshutdown$$0000000C)
    __rt_entry                               0x000002ed   Thumb Code     0  __rtentry.o(.ARM.Collect$$rtentry$$00000000)
    __rt_entry_presh_1                       0x000002ed   Thumb Code     0  __rtentry2.o(.ARM.Collect$$rtentry$$00000002)
    __rt_entry_sh                            0x000002ed   Thumb Code     0  __rtentry4.o(.ARM.Collect$$rtentry$$00000004)
    __rt_entry_li                            0x000002f3   Thumb Code     0  __rtentry2.o(.ARM.Collect$$rtentry$$0000000A)
    __rt_entry_postsh_1                      0x000002f3   Thumb Code     0  __rtentry2.o(.ARM.Collect$$rtentry$$00000009)
    __rt_entry_main                          0x000002f7   Thumb Code     0  __rtentry2.o(.ARM.Collect$$rtentry$$0000000D)
    __rt_entry_postli_1                      0x000002f7   Thumb Code     0  __rtentry2.o(.ARM.Collect$$rtentry$$0000000C)
    __rt_exit                                0x000002ff   Thumb Code     0  rtexit.o(.ARM.Collect$$rtexit$$00000000)
    __rt_exit_ls                             0x00000301   Thumb Code     0  rtexit2.o(.ARM.Collect$$rtexit$$00000003)
    __rt_exit_prels_1                        0x00000301   Thumb Code     0  rtexit2.o(.ARM.Collect$$rtexit$$00000002)
    __rt_exit_exit                           0x00000305   Thumb Code     0  rtexit2.o(.ARM.Collect$$rtexit$$00000004)
    SysCtlDelay                              0x0000030d   Thumb Code     6  sysctl.o(.emb_text)
    Reset_Handler                            0x00000315   Thumb Code     0  startup_tm4c123.o(.text)
    NMI_Handler                              0x00000329   Thumb Code     2  startup_tm4c123.o(.text)
    HardFault_Handler                        0x0000032b   Thumb Code     2  startup_tm4c123.o(.text)
    MemManage_Handler                        0x0000032d   Thumb Code     2  startup_tm4c123.o(.text)
    BusFault_Handler                         0x0000032f   Thumb Code     2  startup_tm4c123.o(.text)
    UsageFault_Handler                       0x00000331   Thumb Code     2  startup_tm4c123.o(.text)
    SVC_Handler                              0x00000333   Thumb Code     2  startup_tm4c123.o(.text)
    DebugMon_Handler                         0x00000335   Thumb Code     2  startup_tm4c123.o(.text)
    PendSV_Handler                           0x00000337   Thumb Code     2  startup_tm4c123.o(.text)
    SysTick_Handler                          0x00000339   Thumb Code     2  startup_tm4c123.o(.text)
    ADC0Seq0_Handler                         0x0000033b   Thumb Code     0  startup_tm4c123.o(.text)
    ADC0Seq1_Handler                         0x0000033b   Thumb Code     0  startup_tm4c123.o(.text)
    ADC0Seq2_Handler                         0x0000033b   Thumb Code     0  startup_tm4c123.o(.text)
    ADC0Seq3_Handler                         0x0000033b   Thumb Code     0  startup_tm4c123.o(.text)
    ADC1Seq0_Handler                         0x0000033b   Thumb Code     0  startup_tm4c123.o(.text)
    ADC1Seq1_Handler                         0x0000033b   Thumb Code     0  startup_tm4c123.o(.text)
    ADC1Seq2_Handler                         0x0000033b   Thumb Code     0  startup_tm4c123.o(.text)
    ADC1Seq3_Handler                         0x0000033b   Thumb Code     0  startup_tm4c123.o(.text)
    CAN0_Handler                             0x0000033b   Thumb Code     0  startup_tm4c123.o(.text)
    CAN1_Handler                             0x0000033b   Thumb Code     0  startup_tm4c123.o(.text)
    CAN2_Handler                             0x0000033b   Thumb Code     0  startup_tm4c123.o(.text)
    Comp0_Handler                            0x0000033b   Thumb Code     0  startup_tm4c123.o(.text)
    Comp1_Handler                            0x0000033b   Thumb Code     0  startup_tm4c123.o(.text)
    Comp2_Handler                            0x0000033b   Thumb Code     0  startup_tm4c123.o(.text)
    Ethernet_Handler                         0x0000033b   Thumb Code     0  startup_tm4c123.o(.text)
    ExtBus_Handler                           0x0000033b   Thumb Code     0  startup_tm4c123.o(.text)
    FPU_Handler                              0x0000033b   Thumb Code     0  startup_tm4c123.o(.text)
    Fan0_Handler                             0x0000033b   Thumb Code     0  startup_tm4c123.o(.text)
    FlashCtl_Handler                         0x0000033b   Thumb Code     0  startup_tm4c123.o(.text)
    GPIOPortA_Handler                        0x0000033b   Thumb Code     0  startup_tm4c123.o(.text)
    GPIOPortB_Handler                        0x0000033b   Thumb Code     0  startup_tm4c123.o(.text)
    GPIOPortC_Handler                        0x0000033b   Thumb Code     0  startup_tm4c123.o(.text)
    GPIOPortD_Handler                        0x0000033b   Thumb Code     0  startup_tm4c123.o(.text)
    GPIOPortE_Handler                        0x0000033b   Thumb Code     0  startup_tm4c123.o(.text)
    GPIOPortF_Handler                        0x0000033b   Thumb Code     0  startup_tm4c123.o(.text)
    GPIOPortG_Handler                        0x0000033b   Thumb Code     0  startup_tm4c123.o(.text)
    GPIOPortH_Handler                        0x0000033b   Thumb Code     0  startup_tm4c123.o(.text)
    GPIOPortJ_Handler                        0x0000033b   Thumb Code     0  startup_tm4c123.o(.text)
    GPIOPortK_Handler                        0x0000033b   Thumb Code     0  startup_tm4c123.o(.text)
    GPIOPortL_Handler                        0x0000033b   Thumb Code     0  startup_tm4c123.o(.text)
    GPIOPortM_Handler                        0x0000033b   Thumb Code     0  startup_tm4c123.o(.text)
    GPIOPortN_Handler                        0x0000033b   Thumb Code     0  startup_tm4c123.o(.text)
    GPIOPortP1_Handler                       0x0000033b   Thumb Code     0  startup_tm4c123.o(.text)
    GPIOPortP2_Handler                       0x0000033b   Thumb Code     0  startup_tm4c123.o(.text)
    GPIOPortP3_Handler                       0x0000033b   Thumb Code     0  startup_tm4c123.o(.text)
    GPIOPortP4_Handler                       0x0000033b   Thumb Code     0  startup_tm4c123.o(.text)
    GPIOPortP5_Handler                       0x0000033b   Thumb Code     0  startup_tm4c123.o(.text)
    GPIOPortP6_Handler                       0x0000033b   Thumb Code     0  startup_tm4c123.o(.text)
    GPIOPortP7_Handler                       0x0000033b   Thumb Code     0  startup_tm4c123.o(.text)
    GPIOPortP_Handler                        0x0000033b   Thumb Code     0  startup_tm4c123.o(.text)
    GPIOPortQ1_Handler                       0x0000033b   Thumb Code     0  startup_tm4c123.o(.text)
    GPIOPortQ2_Handler                       0x0000033b   Thumb Code     0  startup_tm4c123.o(.text)
    GPIOPortQ3_Handler                       0x0000033b   Thumb Code     0  startup_tm4c123.o(.text)
    GPIOPortQ4_Handler                       0x0000033b   Thumb Code     0  startup_tm4c123.o(.text)
    GPIOPortQ5_Handler                       0x0000033b   Thumb Code     0  startup_tm4c123.o(.text)
    GPIOPortQ6_Handler                       0x0000033b   Thumb Code     0  startup_tm4c123.o(.text)
    GPIOPortQ7_Handler                       0x0000033b   Thumb Code     0  startup_tm4c123.o(.text)
    GPIOPortQ_Handler                        0x0000033b   Thumb Code     0  startup_tm4c123.o(.text)
    GPIOPortR_Handler                        0x0000033b   Thumb Code     0  startup_tm4c123.o(.text)
    GPIOPortS_Handler                        0x0000033b   Thumb Code     0  startup_tm4c123.o(.text)
    Hibernate_Handler                        0x0000033b   Thumb Code     0  startup_tm4c123.o(.text)
    I2C0_Handler                             0x0000033b   Thumb Code     0  startup_tm4c123.o(.text)
    I2C1_Handler                             0x0000033b   Thumb Code     0  startup_tm4c123.o(.text)
    I2C2_Handler                             0x0000033b   Thumb Code     0  startup_tm4c123.o(.text)
    I2C3_Handler                             0x0000033b   Thumb Code     0  startup_tm4c123.o(.text)
    I2C4_Handler                             0x0000033b   Thumb Code     0  startup_tm4c123.o(.text)
    I2C5_Handler                             0x0000033b   Thumb Code     0  startup_tm4c123.o(.text)
    I2S0_Handler                             0x0000033b   Thumb Code     0  startup_tm4c123.o(.text)
    LPC0_Handler                             0x0000033b   Thumb Code     0  startup_tm4c123.o(.text)
    PECI0_Handler                            0x0000033b   Thumb Code     0  startup_tm4c123.o(.text)
    PWM0Fault_Handler                        0x0000033b   Thumb Code     0  startup_tm4c123.o(.text)
    PWM0Generator0_Handler                   0x0000033b   Thumb Code     0  startup_tm4c123.o(.text)
    PWM0Generator1_Handler                   0x0000033b   Thumb Code     0  startup_tm4c123.o(.text)
    PWM0Generator2_Handler                   0x0000033b   Thumb Code     0  startup_tm4c123.o(.text)
    PWM0Generator3_Handler                   0x0000033b   Thumb Code     0  startup_tm4c123.o(.text)
    PWM1Fault_Handler                        0x0000033b   Thumb Code     0  startup_tm4c123.o(.text)
    PWM1Generator0_Handler                   0x0000033b   Thumb Code     0  startup_tm4c123.o(.text)
    PWM1Generator1_Handler                   0x0000033b   Thumb Code     0  startup_tm4c123.o(.text)
    PWM1Generator2_Handler                   0x0000033b   Thumb Code     0  startup_tm4c123.o(.text)
    PWM1Generator3_Handler                   0x0000033b   Thumb Code     0  startup_tm4c123.o(.text)
    Quadrature0_Handler                      0x0000033b   Thumb Code     0  startup_tm4c123.o(.text)
    Quadrature1_Handler                      0x0000033b   Thumb Code     0  startup_tm4c123.o(.text)
    Quadrature2_Handler                      0x0000033b   Thumb Code     0  startup_tm4c123.o(.text)
    SSI0_Handler                             0x0000033b   Thumb Code     0  startup_tm4c123.o(.text)
    SSI1_Handler                             0x0000033b   Thumb Code     0  startup_tm4c123.o(.text)
    SSI2_Handler                             0x0000033b   Thumb Code     0  startup_tm4c123.o(.text)
    SSI3_Handler                             0x0000033b   Thumb Code     0  startup_tm4c123.o(.text)
    SysCtl_Handler                           0x0000033b   Thumb Code     0  startup_tm4c123.o(.text)
    Timer0A_Handler                          0x0000033b   Thumb Code     0  startup_tm4c123.o(.text)
    Timer0B_Handler                          0x0000033b   Thumb Code     0  startup_tm4c123.o(.text)
    Timer1A_Handler                          0x0000033b   Thumb Code     0  startup_tm4c123.o(.text)
    Timer1B_Handler                          0x0000033b   Thumb Code     0  startup_tm4c123.o(.text)
    Timer2A_Handler                          0x0000033b   Thumb Code     0  startup_tm4c123.o(.text)
    Timer2B_Handler                          0x0000033b   Thumb Code     0  startup_tm4c123.o(.text)
    Timer3A_Handler                          0x0000033b   Thumb Code     0  startup_tm4c123.o(.text)
    Timer3B_Handler                          0x0000033b   Thumb Code     0  startup_tm4c123.o(.text)
    Timer4A_Handler                          0x0000033b   Thumb Code     0  startup_tm4c123.o(.text)
    Timer4B_Handler                          0x0000033b   Thumb Code     0  startup_tm4c123.o(.text)
    Timer5A_Handler                          0x0000033b   Thumb Code     0  startup_tm4c123.o(.text)
    Timer5B_Handler                          0x0000033b   Thumb Code     0  startup_tm4c123.o(.text)
    UART0_Handler                            0x0000033b   Thumb Code     0  startup_tm4c123.o(.text)
    UART1_Handler                            0x0000033b   Thumb Code     0  startup_tm4c123.o(.text)
    UART2_Handler                            0x0000033b   Thumb Code     0  startup_tm4c123.o(.text)
    UART3_Handler                            0x0000033b   Thumb Code     0  startup_tm4c123.o(.text)
    UART4_Handler                            0x0000033b   Thumb Code     0  startup_tm4c123.o(.text)
    UART5_Handler                            0x0000033b   Thumb Code     0  startup_tm4c123.o(.text)
    UART6_Handler                            0x0000033b   Thumb Code     0  startup_tm4c123.o(.text)
    UART7_Handler                            0x0000033b   Thumb Code     0  startup_tm4c123.o(.text)
    USB0_Handler                             0x0000033b   Thumb Code     0  startup_tm4c123.o(.text)
    WDT_Handler                              0x0000033b   Thumb Code     0  startup_tm4c123.o(.text)
    WideTimer0A_Handler                      0x0000033b   Thumb Code     0  startup_tm4c123.o(.text)
    WideTimer0B_Handler                      0x0000033b   Thumb Code     0  startup_tm4c123.o(.text)
    WideTimer1A_Handler                      0x0000033b   Thumb Code     0  startup_tm4c123.o(.text)
    WideTimer1B_Handler                      0x0000033b   Thumb Code     0  startup_tm4c123.o(.text)
    WideTimer2A_Handler                      0x0000033b   Thumb Code     0  startup_tm4c123.o(.text)
    WideTimer2B_Handler                      0x0000033b   Thumb Code     0  startup_tm4c123.o(.text)
    WideTimer3A_Handler                      0x0000033b   Thumb Code     0  startup_tm4c123.o(.text)
    WideTimer3B_Handler                      0x0000033b   Thumb Code     0  startup_tm4c123.o(.text)
    WideTimer4A_Handler                      0x0000033b   Thumb Code     0  startup_tm4c123.o(.text)
    WideTimer4B_Handler                      0x0000033b   Thumb Code     0  startup_tm4c123.o(.text)
    WideTimer5A_Handler                      0x0000033b   Thumb Code     0  startup_tm4c123.o(.text)
    WideTimer5B_Handler                      0x0000033b   Thumb Code     0  startup_tm4c123.o(.text)
    uDMA_Error                               0x0000033b   Thumb Code     0  startup_tm4c123.o(.text)
    uDMA_Handler                             0x0000033b   Thumb Code     0  startup_tm4c123.o(.text)
    DisableInterrupts                        0x0000033d   Thumb Code     0  startup_tm4c123.o(.text)
    EnableInterrupts                         0x00000341   Thumb Code     0  startup_tm4c123.o(.text)
    StartCritical                            0x00000345   Thumb Code     0  startup_tm4c123.o(.text)
    EndCritical                              0x0000034d   Thumb Code     0  startup_tm4c123.o(.text)
    WaitForInterrupt                         0x00000353   Thumb Code     0  startup_tm4c123.o(.text)
    __user_initial_stackheap                 0x00000357   Thumb Code     0  startup_tm4c123.o(.text)
    __use_two_region_memory                  0x0000036d   Thumb Code     2  heapauxi.o(.text)
    __rt_heap_escrow$2region                 0x0000036f   Thumb Code     2  heapauxi.o(.text)
    __rt_heap_expand$2region                 0x00000371   Thumb Code     2  heapauxi.o(.text)
    __user_setup_stackheap                   0x00000373   Thumb Code    74  sys_stackheap_outer.o(.text)
    exit                                     0x000003bd   Thumb Code    18  exit.o(.text)
    __user_libspace                          0x000003d1   Thumb Code     8  libspace.o(.text)
    __user_perproc_libspace                  0x000003d1   Thumb Code     0  libspace.o(.text)
    __user_perthread_libspace                0x000003d1   Thumb Code     0  libspace.o(.text)
    _sys_exit                                0x000003d9   Thumb Code     8  sys_exit.o(.text)
    __I$use$semihosting                      0x000003e5   Thumb Code     0  use_no_semi.o(.text)
    __use_no_semihosting_swi                 0x000003e5   Thumb Code     2  use_no_semi.o(.text)
    GPIODirModeSet                           0x000003e7   Thumb Code    40  gpio.o(i.GPIODirModeSet)
    __semihosting_library_function           0x000003e7   Thumb Code     0  indicate_semi.o(.text)
    GPIOPadConfigSet                         0x0000040f   Thumb Code   312  gpio.o(i.GPIOPadConfigSet)
    GPIOPinConfigure                         0x00000549   Thumb Code    60  gpio.o(i.GPIOPinConfigure)
    GPIOPinTypeUART                          0x0000058d   Thumb Code    28  gpio.o(i.GPIOPinTypeUART)
    SysCtlClockGet                           0x000005a9   Thumb Code   304  sysctl.o(i.SysCtlClockGet)
    SysCtlClockSet                           0x000006fd   Thumb Code   270  sysctl.o(i.SysCtlClockSet)
    SysCtlPeripheralEnable                   0x0000081d   Thumb Code    36  sysctl.o(i.SysCtlPeripheralEnable)
    SysCtlPeripheralReady                    0x00000845   Thumb Code    40  sysctl.o(i.SysCtlPeripheralReady)
    UART0_GetChar                            0x00000871   Thumb Code    12  uart_handler.o(i.UART0_GetChar)
    UART0_GetString                          0x00000881   Thumb Code    70  uart_handler.o(i.UART0_GetString)
    UART0_Init                               0x000008c9   Thumb Code   108  uart_handler.o(i.UART0_Init)
    UART0_SendChar                           0x00000945   Thumb Code    14  uart_handler.o(i.UART0_SendChar)
    UART0_SendNewLine                        0x00000959   Thumb Code    16  uart_handler.o(i.UART0_SendNewLine)
    UART0_SendString                         0x00000969   Thumb Code    22  uart_handler.o(i.UART0_SendString)
    UART2_GetChar                            0x00000981   Thumb Code    12  uart_handler.o(i.UART2_GetChar)
    UART2_Init                               0x00000991   Thumb Code   146  uart_handler.o(i.UART2_Init)
    UART2_SendChar                           0x00000a49   Thumb Code    14  uart_handler.o(i.UART2_SendChar)
    UART2_SendString                         0x00000a5d   Thumb Code    22  uart_handler.o(i.UART2_SendString)
    UARTCharGet                              0x00000a73   Thumb Code    12  uart.o(i.UARTCharGet)
    UARTCharPut                              0x00000a7f   Thumb Code    12  uart.o(i.UARTCharPut)
    UARTCharsAvail                           0x00000a8b   Thumb Code    10  uart.o(i.UARTCharsAvail)
    UARTClockSourceSet                       0x00000a95   Thumb Code     6  uart.o(i.UARTClockSourceSet)
    UARTConfigGetExpClk                      0x00000a9b   Thumb Code    46  uart.o(i.UARTConfigGetExpClk)
    UARTConfigSetExpClk                      0x00000ac9   Thumb Code   110  uart.o(i.UARTConfigSetExpClk)
    UARTDisable                              0x00000b37   Thumb Code    30  uart.o(i.UARTDisable)
    UARTEnable                               0x00000b55   Thumb Code    20  uart.o(i.UARTEnable)
    UARTFIFOEnable                           0x00000b69   Thumb Code    10  uart.o(i.UARTFIFOEnable)
    main                                     0x00000b75   Thumb Code    66  main.o(i.main)
    _fp_init                                 0x00000bc9   Thumb Code    10  fpinit.o(x$fpl$fpinit)
    __fplib_config_fpu_vfp                   0x00000bd1   Thumb Code     0  fpinit.o(x$fpl$fpinit)
    __fplib_config_pureend_doubles           0x00000bd1   Thumb Code     0  fpinit.o(x$fpl$fpinit)
    Region$$Table$$Base                      0x00000fa8   Number         0  anon$$obj.o(Region$$Table)
    Region$$Table$$Limit                     0x00000fc8   Number         0  anon$$obj.o(Region$$Table)
    Baud_Rate_Read                           0x20000000   Data           4  uart_handler.o(.data)
    GSM_Baud_Rate_Read                       0x20000004   Data           4  uart_handler.o(.data)
    __libspace_start                         0x20000008   Data          96  libspace.o(.bss)
    __temporary_stack_top$libspace           0x20000068   Data           0  libspace.o(.bss)



==============================================================================

Memory Map of the image

  Image Entry point : 0x00000315

  Load Region LR_1 (Base: 0x00000000, Size: 0x00000fd0, Max: 0xffffffff, ABSOLUTE)

    Execution Region ER_RO (Base: 0x00000000, Size: 0x00000fc8, Max: 0xffffffff, ABSOLUTE)

    Base Addr    Size         Type   Attr      Idx    E Section Name        Object

    0x00000000   0x0000026c   Data   RO          176    RESET               startup_tm4c123.o
    0x0000026c   0x00000008   Code   RO         1275  * !!!main             c_w.l(__main.o)
    0x00000274   0x00000034   Code   RO         1432    !!!scatter          c_w.l(__scatter.o)
    0x000002a8   0x0000001a   Code   RO         1434    !!handler_copy      c_w.l(__scatter_copy.o)
    0x000002c2   0x00000002   PAD
    0x000002c4   0x0000001c   Code   RO         1436    !!handler_zi        c_w.l(__scatter_zi.o)
    0x000002e0   0x00000002   Code   RO         1302    .ARM.Collect$$libinit$$00000000  c_w.l(libinit.o)
    0x000002e2   0x00000004   Code   RO         1308    .ARM.Collect$$libinit$$00000001  c_w.l(libinit2.o)
    0x000002e6   0x00000000   Code   RO         1311    .ARM.Collect$$libinit$$00000004  c_w.l(libinit2.o)
    0x000002e6   0x00000000   Code   RO         1314    .ARM.Collect$$libinit$$0000000A  c_w.l(libinit2.o)
    0x000002e6   0x00000000   Code   RO         1316    .ARM.Collect$$libinit$$0000000C  c_w.l(libinit2.o)
    0x000002e6   0x00000000   Code   RO         1318    .ARM.Collect$$libinit$$0000000E  c_w.l(libinit2.o)
    0x000002e6   0x00000000   Code   RO         1321    .ARM.Collect$$libinit$$00000011  c_w.l(libinit2.o)
    0x000002e6   0x00000000   Code   RO         1323    .ARM.Collect$$libinit$$00000013  c_w.l(libinit2.o)
    0x000002e6   0x00000000   Code   RO         1325    .ARM.Collect$$libinit$$00000015  c_w.l(libinit2.o)
    0x000002e6   0x00000000   Code   RO         1327    .ARM.Collect$$libinit$$00000017  c_w.l(libinit2.o)
    0x000002e6   0x00000000   Code   RO         1329    .ARM.Collect$$libinit$$00000019  c_w.l(libinit2.o)
    0x000002e6   0x00000000   Code   RO         1331    .ARM.Collect$$libinit$$0000001B  c_w.l(libinit2.o)
    0x000002e6   0x00000000   Code   RO         1333    .ARM.Collect$$libinit$$0000001D  c_w.l(libinit2.o)
    0x000002e6   0x00000000   Code   RO         1335    .ARM.Collect$$libinit$$0000001F  c_w.l(libinit2.o)
    0x000002e6   0x00000000   Code   RO         1337    .ARM.Collect$$libinit$$00000021  c_w.l(libinit2.o)
    0x000002e6   0x00000000   Code   RO         1339    .ARM.Collect$$libinit$$00000023  c_w.l(libinit2.o)
    0x000002e6   0x00000000   Code   RO         1341    .ARM.Collect$$libinit$$00000025  c_w.l(libinit2.o)
    0x000002e6   0x00000000   Code   RO         1345    .ARM.Collect$$libinit$$0000002C  c_w.l(libinit2.o)
    0x000002e6   0x00000000   Code   RO         1347    .ARM.Collect$$libinit$$0000002E  c_w.l(libinit2.o)
    0x000002e6   0x00000000   Code   RO         1349    .ARM.Collect$$libinit$$00000030  c_w.l(libinit2.o)
    0x000002e6   0x00000000   Code   RO         1351    .ARM.Collect$$libinit$$00000032  c_w.l(libinit2.o)
    0x000002e6   0x00000002   Code   RO         1352    .ARM.Collect$$libinit$$00000033  c_w.l(libinit2.o)
    0x000002e8   0x00000002   Code   RO         1372    .ARM.Collect$$libshutdown$$00000000  c_w.l(libshutdown.o)
    0x000002ea   0x00000000   Code   RO         1385    .ARM.Collect$$libshutdown$$00000002  c_w.l(libshutdown2.o)
    0x000002ea   0x00000000   Code   RO         1387    .ARM.Collect$$libshutdown$$00000004  c_w.l(libshutdown2.o)
    0x000002ea   0x00000000   Code   RO         1390    .ARM.Collect$$libshutdown$$00000007  c_w.l(libshutdown2.o)
    0x000002ea   0x00000000   Code   RO         1393    .ARM.Collect$$libshutdown$$0000000A  c_w.l(libshutdown2.o)
    0x000002ea   0x00000000   Code   RO         1395    .ARM.Collect$$libshutdown$$0000000C  c_w.l(libshutdown2.o)
    0x000002ea   0x00000000   Code   RO         1398    .ARM.Collect$$libshutdown$$0000000F  c_w.l(libshutdown2.o)
    0x000002ea   0x00000002   Code   RO         1399    .ARM.Collect$$libshutdown$$00000010  c_w.l(libshutdown2.o)
    0x000002ec   0x00000000   Code   RO         1277    .ARM.Collect$$rtentry$$00000000  c_w.l(__rtentry.o)
    0x000002ec   0x00000000   Code   RO         1279    .ARM.Collect$$rtentry$$00000002  c_w.l(__rtentry2.o)
    0x000002ec   0x00000006   Code   RO         1291    .ARM.Collect$$rtentry$$00000004  c_w.l(__rtentry4.o)
    0x000002f2   0x00000000   Code   RO         1281    .ARM.Collect$$rtentry$$00000009  c_w.l(__rtentry2.o)
    0x000002f2   0x00000004   Code   RO         1282    .ARM.Collect$$rtentry$$0000000A  c_w.l(__rtentry2.o)
    0x000002f6   0x00000000   Code   RO         1284    .ARM.Collect$$rtentry$$0000000C  c_w.l(__rtentry2.o)
    0x000002f6   0x00000008   Code   RO         1285    .ARM.Collect$$rtentry$$0000000D  c_w.l(__rtentry2.o)
    0x000002fe   0x00000002   Code   RO         1306    .ARM.Collect$$rtexit$$00000000  c_w.l(rtexit.o)
    0x00000300   0x00000000   Code   RO         1354    .ARM.Collect$$rtexit$$00000002  c_w.l(rtexit2.o)
    0x00000300   0x00000004   Code   RO         1355    .ARM.Collect$$rtexit$$00000003  c_w.l(rtexit2.o)
    0x00000304   0x00000006   Code   RO         1356    .ARM.Collect$$rtexit$$00000004  c_w.l(rtexit2.o)
    0x0000030a   0x00000002   PAD
    0x0000030c   0x00000006   Code   RO          514    .emb_text           driverlib.lib(sysctl.o)
    0x00000312   0x00000002   PAD
    0x00000314   0x00000058   Code   RO          177  * .text               startup_tm4c123.o
    0x0000036c   0x00000006   Code   RO         1273    .text               c_w.l(heapauxi.o)
    0x00000372   0x0000004a   Code   RO         1293    .text               c_w.l(sys_stackheap_outer.o)
    0x000003bc   0x00000012   Code   RO         1295    .text               c_w.l(exit.o)
    0x000003ce   0x00000002   PAD
    0x000003d0   0x00000008   Code   RO         1303    .text               c_w.l(libspace.o)
    0x000003d8   0x0000000c   Code   RO         1364    .text               c_w.l(sys_exit.o)
    0x000003e4   0x00000002   Code   RO         1375    .text               c_w.l(use_no_semi.o)
    0x000003e6   0x00000000   Code   RO         1377    .text               c_w.l(indicate_semi.o)
    0x000003e6   0x00000028   Code   RO          187    i.GPIODirModeSet    driverlib.lib(gpio.o)
    0x0000040e   0x00000138   Code   RO          197    i.GPIOPadConfigSet  driverlib.lib(gpio.o)
    0x00000546   0x00000002   PAD
    0x00000548   0x00000044   Code   RO          198    i.GPIOPinConfigure  driverlib.lib(gpio.o)
    0x0000058c   0x0000001c   Code   RO          224    i.GPIOPinTypeUART   driverlib.lib(gpio.o)
    0x000005a8   0x00000154   Code   RO          517    i.SysCtlClockGet    driverlib.lib(sysctl.o)
    0x000006fc   0x00000120   Code   RO          519    i.SysCtlClockSet    driverlib.lib(sysctl.o)
    0x0000081c   0x00000028   Code   RO          548    i.SysCtlPeripheralEnable  driverlib.lib(sysctl.o)
    0x00000844   0x0000002c   Code   RO          552    i.SysCtlPeripheralReady  driverlib.lib(sysctl.o)
    0x00000870   0x00000010   Code   RO           39    i.UART0_GetChar     uart_handler.o
    0x00000880   0x00000046   Code   RO           40    i.UART0_GetString   uart_handler.o
    0x000008c6   0x00000002   PAD
    0x000008c8   0x0000007c   Code   RO           43    i.UART0_Init        uart_handler.o
    0x00000944   0x00000014   Code   RO           44    i.UART0_SendChar    uart_handler.o
    0x00000958   0x00000010   Code   RO           45    i.UART0_SendNewLine  uart_handler.o
    0x00000968   0x00000016   Code   RO           46    i.UART0_SendString  uart_handler.o
    0x0000097e   0x00000002   PAD
    0x00000980   0x00000010   Code   RO           49    i.UART2_GetChar     uart_handler.o
    0x00000990   0x000000b8   Code   RO           53    i.UART2_Init        uart_handler.o
    0x00000a48   0x00000014   Code   RO           54    i.UART2_SendChar    uart_handler.o
    0x00000a5c   0x00000016   Code   RO           56    i.UART2_SendString  uart_handler.o
    0x00000a72   0x0000000c   Code   RO          868    i.UARTCharGet       driverlib.lib(uart.o)
    0x00000a7e   0x0000000c   Code   RO          870    i.UARTCharPut       driverlib.lib(uart.o)
    0x00000a8a   0x0000000a   Code   RO          872    i.UARTCharsAvail    driverlib.lib(uart.o)
    0x00000a94   0x00000006   Code   RO          874    i.UARTClockSourceSet  driverlib.lib(uart.o)
    0x00000a9a   0x0000002e   Code   RO          875    i.UARTConfigGetExpClk  driverlib.lib(uart.o)
    0x00000ac8   0x0000006e   Code   RO          876    i.UARTConfigSetExpClk  driverlib.lib(uart.o)
    0x00000b36   0x0000001e   Code   RO          879    i.UARTDisable       driverlib.lib(uart.o)
    0x00000b54   0x00000014   Code   RO          881    i.UARTEnable        driverlib.lib(uart.o)
    0x00000b68   0x0000000a   Code   RO          884    i.UARTFIFOEnable    driverlib.lib(uart.o)
    0x00000b72   0x00000002   PAD
    0x00000b74   0x00000054   Code   RO            2    i.main              main.o
    0x00000bc8   0x0000000a   Code   RO         1362    x$fpl$fpinit        fz_wm.l(fpinit.o)
    0x00000bd2   0x00000002   PAD
    0x00000bd4   0x00000210   Data   RO          231    .constdata          driverlib.lib(gpio.o)
    0x00000de4   0x000001c4   Data   RO          569    .constdata          driverlib.lib(sysctl.o)
    0x00000fa8   0x00000020   Data   RO         1430    Region$$Table       anon$$obj.o


    Execution Region ER_RW (Base: 0x20000000, Size: 0x00000008, Max: 0xffffffff, ABSOLUTE)

    Base Addr    Size         Type   Attr      Idx    E Section Name        Object

    0x20000000   0x00000008   Data   RW           59    .data               uart_handler.o


    Execution Region ER_ZI (Base: 0x20000008, Size: 0x00000260, Max: 0xffffffff, ABSOLUTE)

    Base Addr    Size         Type   Attr      Idx    E Section Name        Object

    0x20000008   0x00000060   Zero   RW         1304    .bss                c_w.l(libspace.o)
    0x20000068   0x00000000   Zero   RW          175    HEAP                startup_tm4c123.o
    0x20000068   0x00000200   Zero   RW          174    STACK               startup_tm4c123.o


==============================================================================

Image component sizes


      Code (inc. data)   RO Data    RW Data    ZI Data      Debug   Object Name

        84         18          0          0          0       5043   main.o
        88         12        620          0        512        812   startup_tm4c123.o
       510         74          0          8          0       5812   uart_handler.o

    ----------------------------------------------------------------------
       686        104        652          8        512      11667   Object Totals
         0          0         32          0          0          0   (incl. Generated)
         4          0          0          0          0          0   (incl. Padding)

    ----------------------------------------------------------------------

      Code (inc. data)   RO Data    RW Data    ZI Data      Debug   Library Member Name

         8          0          0          0          0         68   __main.o
         0          0          0          0          0          0   __rtentry.o
        12          0          0          0          0          0   __rtentry2.o
         6          0          0          0          0          0   __rtentry4.o
        52          8          0          0          0          0   __scatter.o
        26          0          0          0          0          0   __scatter_copy.o
        28          0          0          0          0          0   __scatter_zi.o
        18          0          0          0          0         80   exit.o
         6          0          0          0          0        152   heapauxi.o
         0          0          0          0          0          0   indicate_semi.o
         2          0          0          0          0          0   libinit.o
         6          0          0          0          0          0   libinit2.o
         2          0          0          0          0          0   libshutdown.o
         2          0          0          0          0          0   libshutdown2.o
         8          4          0          0         96         68   libspace.o
         2          0          0          0          0          0   rtexit.o
        10          0          0          0          0          0   rtexit2.o
        12          4          0          0          0         68   sys_exit.o
        74          0          0          0          0         80   sys_stackheap_outer.o
         2          0          0          0          0         68   use_no_semi.o
       448          8        528          0          0       6821   gpio.o
       718         62        452          0          0       4999   sysctl.o
       256          0          0          0          0       5608   uart.o
        10          0          0          0          0        116   fpinit.o

    ----------------------------------------------------------------------
      1722         86        980          0         96      18128   Library Totals
        14          0          0          0          0          0   (incl. Padding)

    ----------------------------------------------------------------------

      Code (inc. data)   RO Data    RW Data    ZI Data      Debug   Library Name

       276         16          0          0         96        584   c_w.l
      1422         70        980          0          0      17428   driverlib.lib
        10          0          0          0          0        116   fz_wm.l

    ----------------------------------------------------------------------
      1722         86        980          0         96      18128   Library Totals

    ----------------------------------------------------------------------

==============================================================================


      Code (inc. data)   RO Data    RW Data    ZI Data      Debug   

      2408        190       1632          8        608      27239   Grand Totals
      2408        190       1632          8        608      27239   ELF Image Totals
      2408        190       1632          8          0          0   ROM Totals

==============================================================================

    Total RO  Size (Code + RO Data)                 4040 (   3.95kB)
    Total RW  Size (RW Data + ZI Data)               616 (   0.60kB)
    Total ROM Size (Code + RO Data + RW Data)       4048 (   3.95kB)

==============================================================================

