<html>
<body>
<pre>
<h1>µVision Build Log</h1>
<h2>Tool Versions:</h2>
IDE-Version: µVision V5.21.1.0
Copyright (C) 2016 ARM Ltd and ARM Germany GmbH. All rights reserved.
License Information: Gaal Alexandru, Home, LIC=----
 
Tool Versions:
Toolchain:       MDK-Lite  Version: 5.21a
Toolchain Path:  F:\0_Tools\Keil_v5\ARM\ARMCC\Bin
C Compiler:      Armcc.exe V5.06 update 3 (build 300)
Assembler:       Armasm.exe V5.06 update 3 (build 300)
Linker/Locator:  ArmLink.exe V5.06 update 3 (build 300)
Library Manager: ArmAr.exe V5.06 update 3 (build 300)
Hex Converter:   FromElf.exe V5.06 update 3 (build 300)
CPU DLL:         SARMCM3.DLL V5.21a
Dialog DLL:      DCM.DLL V1.13.8.0
Target DLL:      lmidk-agdi.dll V???
Dialog DLL:      TCM.DLL V1.14.14.0
 
<h2>Project:</h2>
F:\1_Projects\Embedded_Programs\WS2812B_AddressableLED_TM4C123\WS2812B_ShiftRegister.uvprojx
Project File Date:  03/05/2017

<h2>Output:</h2>
*** Using Compiler 'V5.06 update 3 (build 300)', folder: 'F:\0_Tools\Keil_v5\ARM\ARMCC\Bin'
*** Note: Rebuilding project, since 'Options->Output->Create Batch File' is selected.
Rebuild target 'WS2812B'
assembling startup.s...
creating preprocessor file for PLL.c...
compiling PLL.c...
creating preprocessor file for SSI_handler.c...
compiling SSI_handler.c...
creating preprocessor file for WS2812B_TestMain.c...
compiling WS2812B_TestMain.c...
WS2812B_TestMain.c(153): warning:  #177-D: variable "stat" was declared but never referenced
        uint8_t stat = 0;
WS2812B_TestMain.c(71): warning:  #177-D: function "Set_Off" was declared but never referenced
  static void Set_Off(void){
WS2812B_TestMain.c(94): warning:  #177-D: function "Set_Bargraph" was declared but never referenced
  static uint8_t Set_Bargraph(uint8_t percentage, tstRGB color) {
WS2812B_TestMain.c: 3 warnings, 0 errors
linking...
Program Size: Code=1736 RO-data=32 RW-data=4 ZI-data=1140  
FromELF: creating hex file...
".\Generated\WS2812B_Test.axf" - 0 Error(s), 3 Warning(s).

<h2>Collection of Component include folders:</h2>
  F:\1_Projects\Embedded_Programs\WS2812B_AddressableLED_TM4C123\RTE
  F:\0_Tools\Keil_v5\ARM\PACK\Keil\LM4F_DFP\1.0.0\Device\Include

<h2>Collection of Component Files used:</h2>
Build Time Elapsed:  00:00:02
</pre>
</body>
</html>
