<html>
<body>
<pre>
<h1>µVision Build Log</h1>
<h2>Tool Versions:</h2>
IDE-Version: µVision V5.22.0.0
Copyright (C) 2016 ARM Ltd and ARM Germany GmbH. All rights reserved.
License Information: Gaal Alexandru, None, LIC=----
 
Tool Versions:
Toolchain:       MDK-Lite  Version: 5.22
Toolchain Path:  C:\Keil_v5\ARM\ARMCC\Bin
C Compiler:      Armcc.exe V5.06 update 4 (build 422)
Assembler:       Armasm.exe V5.06 update 4 (build 422)
Linker/Locator:  ArmLink.exe V5.06 update 4 (build 422)
Library Manager: ArmAr.exe V5.06 update 4 (build 422)
Hex Converter:   FromElf.exe V5.06 update 4 (build 422)
CPU DLL:         SARMCM3.DLL V5.22
Dialog DLL:      DCM.DLL V1.13.9.0
Target DLL:      lmidk-agdi.dll V???
Dialog DLL:      TCM.DLL V1.21.0.0
 
<h2>Project:</h2>
C:\Users\alexandru.gaal\Documents\SIM900_SMSReceiveTest_TM4C123_WIP_UARTSTDIO_single_read_modified\SIM900_SMSReceiveTest_TM4C123.uvprojx
Project File Date:  05/18/2017

<h2>Output:</h2>
*** Using Compiler 'V5.06 update 4 (build 422)', folder: 'C:\Keil_v5\ARM\ARMCC\Bin'
Build target 'Target 1'
compiling GSM.c...
GSM.c(55): warning:  #177-D: variable "lineCount"  was declared but never referenced
  	uint8_t lineCount = 0;
GSM.c(86): warning:  #177-D: variable "i"  was declared but never referenced
  	uint8_t i,j = 0;
GSM.c(86): warning:  #177-D: variable "j"  was declared but never referenced
  	uint8_t i,j = 0;
GSM.c(87): warning:  #177-D: variable "c"  was declared but never referenced
  	char c;
GSM.c(100): warning:  #177-D: variable "message"  was declared but never referenced
  	char message[200];
GSM.c(101): warning:  #177-D: variable "continue_reading"  was declared but never referenced
  	char continue_reading = 1;
GSM.c(102): warning:  #177-D: variable "index"  was declared but never referenced
  	char index = 0;
GSM.c(103): warning:  #177-D: variable "time"  was declared but never referenced
  	uint32_t time = 500000;
GSM.c(44): warning:  #177-D: variable "msgReadRepeatIndex"  was declared but never referenced
  static uint8_t msgReadRepeatIndex = 0;
GSM.c: 9 warnings, 0 errors
linking...
Program Size: Code=6700 RO-data=2092 RW-data=1644 ZI-data=12372  
".\Objects\BlankProjekt_TM4C.axf" - 0 Error(s), 9 Warning(s).

<h2>Software Packages used:</h2>

Package Vendor: ARM
                http://www.keil.com/pack/ARM.CMSIS.5.0.0.pack
                ARM::CMSIS:CORE:5.0.0
                CMSIS (Cortex Microcontroller Software Interface Standard)
   * Component: CORE Version: 5.0.0

Package Vendor: Keil
                http://www.keil.com/pack/Keil.TM4C_DFP.1.1.0.pack
                Keil::Device:Startup:1.0.1
                Texas Instruments Tiva C Series Device Support and Examples
   * Component: Startup Version: 1.0.1

<h2>Collection of Component include folders:</h2>
  C:\Users\alexandru.gaal\Documents\SIM900_SMSReceiveTest_TM4C123_WIP_UARTSTDIO_single_read_modified\RTE\_Target_1
  C:\Keil_v5\ARM\PACK\ARM\CMSIS\5.0.0\CMSIS\Include
  C:\Keil_v5\ARM\PACK\Keil\TM4C_DFP\1.1.0\Device\Include\TM4C123

<h2>Collection of Component Files used:</h2>

   * Component: ARM::CMSIS:CORE:5.0.0

   * Component: Keil::Device:Startup:1.0.1
      Include file:  Device\Include\TM4C123\TM4C123.h
      Source file:   Device\Source\ARM\startup_TM4C123.s
      Source file:   Device\Source\system_TM4C123.c
Build Time Elapsed:  00:00:01
</pre>
</body>
</html>
