<html>
<body>
<pre>
<h1>µVision Build Log</h1>
<h2>Project:</h2>
E:\CloudStation\Projects\Mini_Projects\I2C_Test_GA\I2C_Test_GA.uvproj
Project File Date:  08/24/2016

<h2>Output:</h2>
Build target 'I2C'
compiling I2C0.c...
compiling UART.c...
linking...
Program Size: Code=1888 RO-data=16 RW-data=0 ZI-data=1120  
".\I2C.axf" - 0 Error(s), 0 Warning(s).
Load "E:\\CloudStation\\Projects\\Mini_Projects\\I2C_Test_GA\\I2C.axf" 
Connecting: Mode=JTAG, Speed=1000000Hz
Erase Done.
Programming Done.
Verify OK.
Error: Target DLL has been cancelled. Debugger aborted !
</pre>
</body>
</html>
