<html>
<body>
<pre>
<h1>µVision Build Log</h1>
<h2>Project:</h2>
C:\Users\Alex\Google Drive\I2C_4C123\I2C_4C123\I2C.uvproj
Project File Date:  08/11/2014

<h2>Output:</h2>
Build target 'I2C'
linking...
Program Size: Code=2292 RO-data=16 RW-data=0 ZI-data=1120  
".\I2C.axf" - 0 Error(s), 0 Warning(s).
</pre>
</body>
</html>
C.axf" - 0 Error(s), 0 Warning(s).
Load "C:\\Users\\Alex\\Google Drive\\I2C_4C123\\I2C_4C123\\I2C.axf" 
Connecting: Mode=JTAG, Speed=1000000Hz
Connection failed!, error code=&d
Error: Flash Download failed  -  Target DLL has been cancelled
Load "C:\\Users\\Alex\\Google Drive\\I2C_4C123\\I2C_4C123\\I2C.axf" 
Connecting: Mode=JTAG, Speed=1000000Hz
Erase Done.
Programming Done.
Verify OK.
Load "C:\\Users\\Alex\\Google Drive\\I2C_4C123\\I2C_4C123\\I2C.axf" 
Connecting: Mode=JTAG, Speed=1000000Hz
Erase Done.
Programming Done.
Verify OK.
